   Compiling serde_core v1.0.228
   Compiling kairo-ecs-arrow-io v0.1.0 (/Users/runner/work/kairos/kairos/crates/kairo-ecs-arrow-io)
   Compiling serde_json v1.0.149
   Compiling kairo-ecs-calibration v0.1.0 (/Users/runner/work/kairos/kairos/crates/kairo-ecs-calibration)
    Finished `test` profile [unoptimized + debuginfo] target(s) in 5.10s
     Running tests/arrow_output_c43.rs (target/debug/deps/arrow_output_c43-8bf303241bd59bb2)

running 7 tests
test c43_rejects_inconsistent_residual_unknown_fields_and_duplicate_records ... ok
test c43_roundtrips_full_width_ticks_nulls_and_canonical_strata ... ok
test c43_residual_sort_uses_raw_string_order_for_escaped_ids ... ok
test c43_schemas_preserve_empty_shapes_and_output_types ... ok
test c43_sort_uses_full_residual_identity_and_numeric_occurrence ... ok
test c43_validates_frozen_keys_metric_semantics_and_decode_rows ... ok
test c43_actual_ipc_file_stream_and_parquet_roundtrip ... ok

test result: ok. 7 passed; 0 failed; 0 ignored; 0 measured; 0 filtered out; finished in 0.01s

     Running tests/sidecar_adapter_c43.rs (target/debug/deps/sidecar_adapter_c43-71c8c35a88a38d88)

running 12 tests
test c43_contradictory_source_clocks_fail_and_retain_both_raw_sides ... ok
test c43_empty_residual_population_still_emits_declared_empty_metric_summaries ... ok
test c43_emits_c0_sidecars_from_kernels_and_joins_explicit_event ... ok
test c43_in_window_nonpoint_is_ineligible_but_not_window_excluded ... ok
test c43_failed_prediction_preserves_reference_censor_and_missing_lineage ... ok
test c43_input_permutation_preserves_logical_records_and_metric_bits ... ok
test c43_max_u128_is_exact_and_window_exclusion_does_not_rewrite_point_residual ... ok
test c43_noncomputed_statuses_keep_null_contract_and_overlapping_counts ... ok
test c43_invalid_run_event_hash_and_duplicate_key_fail_with_raw_diagnostics ... ok
test c43_paired_metric_denominator_is_matched_pairs_and_manifest_keeps_cohort_counts ... ok
test c43_structurally_invalid_metric_rows_fail_with_both_raw_cohorts ... ok
test c43_unmatched_missing_failed_and_infeasible_pairs_keep_schema_statuses ... ok

test result: ok. 12 passed; 0 failed; 0 ignored; 0 measured; 0 filtered out; finished in 0.01s

     Running tests/sidecar_pipeline_c43.rs (target/debug/deps/sidecar_pipeline_c43-7f36f312a2e7f26f)

running 2 tests
test c43_empty_runtime_preserves_typed_residual_schema_and_null_metrics ... ok
test c43_runtime_records_and_hashes_survive_permutation_and_physical_framing ... ok

test result: ok. 2 passed; 0 failed; 0 ignored; 0 measured; 0 filtered out; finished in 0.09s

