info: cargo-llvm-cov currently setting cfg(coverage); you can opt-out it by passing --no-cfg-coverage
   Compiling proc-macro2 v1.0.107
   Compiling quote v1.0.47
   Compiling unicode-ident v1.0.26
   Compiling serde_core v1.0.229
   Compiling zmij v1.0.23
   Compiling serde_json v1.0.151
   Compiling serde v1.0.229
   Compiling memchr v2.8.3
   Compiling itoa v1.0.18
   Compiling kairo-ecs-types v0.0.0 (/private/tmp/careops-d33-quality/libs/kairos/crates/kairo-ecs-types)
   Compiling kairo-ecs-core v0.0.0 (/private/tmp/careops-d33-quality/libs/kairos/crates/kairo-ecs-core)
   Compiling syn v3.0.6
   Compiling serde_derive v1.0.229
   Compiling careops-ed v0.1.0 (/private/tmp/careops-d33-quality/crates/careops-ed)
    Finished `test` profile [unoptimized + debuginfo] target(s) in 8.64s
     Running unittests src/lib.rs (.artifacts/d33/coverage-target/llvm-cov-target/debug/deps/careops_ed-40574a6e99769897)
     Running tests/d3_display_regression.rs (.artifacts/d33/coverage-target/llvm-cov-target/debug/deps/d3_display_regression-6b8f57638dd02f14)
     Running tests/d3_regressions.rs (.artifacts/d33/coverage-target/llvm-cov-target/debug/deps/d3_regressions-cbd61849938bea27)
     Running tests/d3_validator_mutation_regressions.rs (.artifacts/d33/coverage-target/llvm-cov-target/debug/deps/d3_validator_mutation_regressions-9f4171a5fadb016b)
     Running tests/scenario_validation.rs (.artifacts/d33/coverage-target/llvm-cov-target/debug/deps/scenario_validation-9af286ee66968bc3)

    Finished report saved to /private/tmp/careops-d33-quality/.artifacts/d33/current-coverage.json
