
running 3 tests
test tests::accepted_e01_synthetic_case_maps_to_the_e0_single_work_slice ... ok
test tests::repeated_runs_are_identical ... ok
test tests::processes_completion_at_the_horizon_and_leaves_late_work_unfinished ... ok

test result: ok. 3 passed; 0 failed; 0 ignored; 0 measured; 0 filtered out; finished in 0.00s


running 1 test
test simulation_error_display_preserves_validation_context ... ok

test result: ok. 1 passed; 0 failed; 0 ignored; 0 measured; 0 filtered out; finished in 0.00s


running 4 tests
test horizon_conserves_queued_and_running_work ... ok
test seed_change_is_reported_without_inventing_stochastic_behavior ... ok
test malformed_inputs_never_enter_the_runner ... ok
test fifo_and_metric_accounting_match_an_independent_recurrence ... ok

test result: ok. 4 passed; 0 failed; 0 ignored; 0 measured; 0 filtered out; finished in 0.03s


running 10 tests
test routes_require_resolved_locations_and_nonnegative_metre_distance ... ok
test identifiers_must_be_nonempty_and_already_trimmed ... ok
test resource_unknown_availability_requires_null_counts_and_a_reason ... ok
test profile_metadata_and_aggregate_shape_are_checked_one_field_at_a_time ... ok
test resource_counts_enforce_positive_and_physical_boundaries ... ok
test resource_known_availability_requires_both_counts_and_no_reason ... ok
test equipment_reason_rules_match_each_status ... ok
test eligibility_and_required_resource_classes_are_checked_independently ... ok
test staff_count_status_requires_the_matching_value_and_reason ... ok
test aggregate_physical_and_availability_counts_have_distinct_status_rules ... ok

test result: ok. 10 passed; 0 failed; 0 ignored; 0 measured; 0 filtered out; finished in 0.01s


running 7 tests
test rejects_unsupported_schema_version_with_clear_diagnostic ... ok
test rejects_missing_required_inputs_and_extra_fields ... ok
test rejects_nonpositive_capacity_and_unresolved_references ... ok
test rejects_zero_horizon_and_zero_work ... ok
test rejects_unsupported_time_unit ... ok
test validates_optional_p0_equipment_status_and_reason ... ok
test rejects_bad_route_units_and_unknown_capacity ... ok

test result: ok. 7 passed; 0 failed; 0 ignored; 0 measured; 0 filtered out; finished in 0.00s

