test_accepts_exact_file_suffix_and_returns_counts_and_percent (test_quality_metrics.CoverageMetricsTests.test_accepts_exact_file_suffix_and_returns_counts_and_percent) ... ok
test_accepts_exact_floor_and_rejects_below_floor (test_quality_metrics.CoverageMetricsTests.test_accepts_exact_floor_and_rejects_below_floor) ... ok
test_extreme_numeric_inputs_raise_validation_errors (test_quality_metrics.CoverageMetricsTests.test_extreme_numeric_inputs_raise_validation_errors) ... ERROR
test_rejects_duplicate_target_rows_even_with_path_separator_alias (test_quality_metrics.CoverageMetricsTests.test_rejects_duplicate_target_rows_even_with_path_separator_alias) ... ok
test_rejects_invalid_counts_and_coverage_above_total (test_quality_metrics.CoverageMetricsTests.test_rejects_invalid_counts_and_coverage_above_total) ... ok
test_rejects_low_counts_with_falsely_high_percent (test_quality_metrics.CoverageMetricsTests.test_rejects_low_counts_with_falsely_high_percent) ... ok
test_rejects_malformed_policy_and_nan_or_invalid_threshold (test_quality_metrics.CoverageMetricsTests.test_rejects_malformed_policy_and_nan_or_invalid_threshold) ... ok
test_rejects_nonfinite_and_inconsistent_percent (test_quality_metrics.CoverageMetricsTests.test_rejects_nonfinite_and_inconsistent_percent) ... ok
test_rejects_wrong_file_and_empty_data (test_quality_metrics.CoverageMetricsTests.test_rejects_wrong_file_and_empty_data) ... ok
test_reports_function_coverage_separately (test_quality_metrics.CoverageMetricsTests.test_reports_function_coverage_separately) ... ok

======================================================================
ERROR: test_extreme_numeric_inputs_raise_validation_errors (test_quality_metrics.CoverageMetricsTests.test_extreme_numeric_inputs_raise_validation_errors)
----------------------------------------------------------------------
Traceback (most recent call last):
  File "/private/tmp/careops-d33-quality/tests/test_quality_metrics.py", line 27, in test_extreme_numeric_inputs_raise_validation_errors
    check_coverage(data, policy)
    ~~~~~~~~~~~~~~^^^^^^^^^^^^^^
  File "/private/tmp/careops-d33-quality/tools/quality_metrics.py", line 108, in check_coverage
    result = {"file": target, "lines": _counts(summary["lines"], "lines")}
                                       ~~~~~~~^^^^^^^^^^^^^^^^^^^^^^^^^^^
  File "/private/tmp/careops-d33-quality/tools/quality_metrics.py", line 50, in _counts
    reported = _number(summary["percent"], f"{label} percent")
  File "/private/tmp/careops-d33-quality/tools/quality_metrics.py", line 31, in _number
    number = float(value)
OverflowError: int too large to convert to float

----------------------------------------------------------------------
Ran 10 tests in 0.007s

FAILED (errors=1)
