test_accepts_full_bound_baseline_and_exact_equivalence_boundaries (test_quality_mutations.MutationGateTests.test_accepts_full_bound_baseline_and_exact_equivalence_boundaries) ... ok
test_accepts_single_locked_argument_in_recorded_commands (test_quality_mutations.MutationGateTests.test_accepts_single_locked_argument_in_recorded_commands) ... ok
test_cli_validates_json_and_writes_report_or_stderr_failure (test_quality_mutations.MutationGateTests.test_cli_validates_json_and_writes_report_or_stderr_failure) ... ok
test_rejects_any_non_disposition_missed_mutant (test_quality_mutations.MutationGateTests.test_rejects_any_non_disposition_missed_mutant) ... ok
test_rejects_baseline_failure_or_duplicate_baseline (test_quality_mutations.MutationGateTests.test_rejects_baseline_failure_or_duplicate_baseline) ... ok
test_rejects_changed_source (test_quality_mutations.MutationGateTests.test_rejects_changed_source) ... ok
test_rejects_counter_bypass_timeout_and_boolean_counts (test_quality_mutations.MutationGateTests.test_rejects_counter_bypass_timeout_and_boolean_counts) ... ok
test_rejects_incoherent_mutant_phase_results (test_quality_mutations.MutationGateTests.test_rejects_incoherent_mutant_phase_results) ... ok
test_rejects_missing_or_duplicate_mutants (test_quality_mutations.MutationGateTests.test_rejects_missing_or_duplicate_mutants) ... ok
test_rejects_mutant_catalog_hash_and_outcome_catalog_substitution (test_quality_mutations.MutationGateTests.test_rejects_mutant_catalog_hash_and_outcome_catalog_substitution) ... ok
test_rejects_new_or_excess_unviable_mutants (test_quality_mutations.MutationGateTests.test_rejects_new_or_excess_unviable_mutants) ... ok
test_rejects_skipped_unfinished_and_unexpected_summaries (test_quality_mutations.MutationGateTests.test_rejects_skipped_unfinished_and_unexpected_summaries) ... ok
test_rejects_substituted_phase_commands (test_quality_mutations.MutationGateTests.test_rejects_substituted_phase_commands) ... ok
test_rejects_unrepresentable_phase_duration (test_quality_mutations.MutationGateTests.test_rejects_unrepresentable_phase_duration) ... ok
test_rejects_wrong_package_or_source_file (test_quality_mutations.MutationGateTests.test_rejects_wrong_package_or_source_file) ... ok
test_rejects_wrong_version_and_missing_baseline (test_quality_mutations.MutationGateTests.test_rejects_wrong_version_and_missing_baseline) ... ok

----------------------------------------------------------------------
Ran 16 tests in 0.092s

OK
{"baseline": "Success", "cargo_mutants_version": "27.1.0", "catalog_sha256": "b0462379cc6000736ddac35540cfc1aa709bf58ff6d0743dacd81d9005c92e3b", "caught": 110, "equivalent_misses": [{"column": 60, "line": 735, "name": "crates/careops-ed/src/lib.rs:735:60: replace || with && in run_scenario"}, {"column": 43, "line": 798, "name": "crates/careops-ed/src/lib.rs:798:43: replace || with && in run_scenario"}], "missed": 2, "source": "crates/careops-ed/src/lib.rs", "source_sha256": "4f7917f3976d84b86a1b2b6837065c803d75b29d6b4f594abbbb7ceaedc57380", "timeout": 0, "total_mutants": 115, "unviable": 3}
