test_absolute_config_symlink_parent_is_rejected (test_quality_support.QualitySupportTests.test_absolute_config_symlink_parent_is_rejected) ... FAIL
test_absolute_symlink_config_path_is_rejected (test_quality_support.QualitySupportTests.test_absolute_symlink_config_path_is_rejected) ... ok
test_actual_toolchain_channel_must_be_canonical (test_quality_support.QualitySupportTests.test_actual_toolchain_channel_must_be_canonical) ... ok
test_cli_exposes_semver_limit_and_fails_release_mode (test_quality_support.QualitySupportTests.test_cli_exposes_semver_limit_and_fails_release_mode) ... ok
test_config_shape_rejects_unknown_keys (test_quality_support.QualitySupportTests.test_config_shape_rejects_unknown_keys) ... ok
test_coverage_and_mutation_targets_cannot_be_rebound (test_quality_support.QualitySupportTests.test_coverage_and_mutation_targets_cannot_be_rebound) ... ok
test_escaped_fixture_path_is_rejected (test_quality_support.QualitySupportTests.test_escaped_fixture_path_is_rejected) ... ok
test_extreme_coverage_floor_is_rejected_without_exception (test_quality_support.QualitySupportTests.test_extreme_coverage_floor_is_rejected_without_exception) ... ERROR
test_fixture_path_and_hash_cannot_co_drift_with_candidate_config (test_quality_support.QualitySupportTests.test_fixture_path_and_hash_cannot_co_drift_with_candidate_config) ... ok
test_flakes_must_be_a_list (test_quality_support.QualitySupportTests.test_flakes_must_be_a_list) ... ok
test_matching_config_and_manifest_cannot_add_unapproved_feature (test_quality_support.QualitySupportTests.test_matching_config_and_manifest_cannot_add_unapproved_feature) ... ok
test_matching_contract_passes_development_without_semver_claim (test_quality_support.QualitySupportTests.test_matching_contract_passes_development_without_semver_claim) ... ok
test_nonempty_flake_entries_are_left_to_the_flake_validator (test_quality_support.QualitySupportTests.test_nonempty_flake_entries_are_left_to_the_flake_validator) ... ok
test_nul_in_schema_fixture_path_returns_validation_error (test_quality_support.QualitySupportTests.test_nul_in_schema_fixture_path_returns_validation_error) ... ok
test_release_fails_clearly_without_owner_approved_baseline (test_quality_support.QualitySupportTests.test_release_fails_clearly_without_owner_approved_baseline) ... ok
test_schema_fixture_content_drift_is_rejected (test_quality_support.QualitySupportTests.test_schema_fixture_content_drift_is_rejected) ... ok
test_symlink_fixture_path_is_rejected (test_quality_support.QualitySupportTests.test_symlink_fixture_path_is_rejected) ... ok
test_unpatched_schema_fixture_constants_match_reviewed_contract (test_quality_support.QualitySupportTests.test_unpatched_schema_fixture_constants_match_reviewed_contract) ... ok
test_unreviewed_feature_declaration_is_rejected (test_quality_support.QualitySupportTests.test_unreviewed_feature_declaration_is_rejected) ... ok
test_workspace_msrv_and_inherited_package_msrv_must_match (test_quality_support.QualitySupportTests.test_workspace_msrv_and_inherited_package_msrv_must_match) ... ok

======================================================================
ERROR: test_extreme_coverage_floor_is_rejected_without_exception (test_quality_support.QualitySupportTests.test_extreme_coverage_floor_is_rejected_without_exception)
----------------------------------------------------------------------
Traceback (most recent call last):
  File "/private/tmp/careops-d33-quality/tests/test_quality_support.py", line 175, in test_extreme_coverage_floor_is_rejected_without_exception
    self.assertTrue(any("minimum_line_percent" in e for e in self.errors()))
                                                             ~~~~~~~~~~~^^
  File "/private/tmp/careops-d33-quality/tests/test_quality_support.py", line 68, in errors
    return quality_support.check(self.root, self.config, **kwargs)
           ~~~~~~~~~~~~~~~~~~~~~^^^^^^^^^^^^^^^^^^^^^^^^^^^^^^^^^^
  File "/private/tmp/careops-d33-quality/tools/quality_support.py", line 273, in check
    _validate_config(value, errors)
    ~~~~~~~~~~~~~~~~^^^^^^^^^^^^^^^
  File "/private/tmp/careops-d33-quality/tools/quality_support.py", line 167, in _validate_config
    or not math.isfinite(minimum) or not 80 <= minimum <= 100):
           ~~~~~~~~~~~~~^^^^^^^^^
OverflowError: int too large to convert to float

======================================================================
FAIL: test_absolute_config_symlink_parent_is_rejected (test_quality_support.QualitySupportTests.test_absolute_config_symlink_parent_is_rejected)
----------------------------------------------------------------------
Traceback (most recent call last):
  File "/private/tmp/careops-d33-quality/tests/test_quality_support.py", line 171, in test_absolute_config_symlink_parent_is_rejected
    self.assertTrue(any("symlink" in e for e in errors), errors)
    ~~~~~~~~~~~~~~~^^^^^^^^^^^^^^^^^^^^^^^^^^^^^^^^^^^^^^^^^^^^^
AssertionError: False is not true : ['config schema_fixture.sha256 differs from the reviewed fixture pin', 'schema fixture SHA-256 mismatch: expected e37ade3d61550e58273989fd12c46091ddfdd1f01eaf55a8eb76af72eb1d4082, got f8e7566d17cc8dcf20d486d6343e0489483fd8edfda18e474de68831c0f2df90']

----------------------------------------------------------------------
Ran 20 tests in 0.170s

FAILED (failures=1, errors=1)
