   Compiling proc-macro2 v1.0.106
   Compiling unicode-ident v1.0.24
   Compiling quote v1.0.45
   Compiling kairo-ecs-types v0.0.0 (/private/tmp/careops-q53/libs/kairos/crates/kairo-ecs-types)
   Compiling thiserror v2.0.20
   Compiling kairo-ecs-state v0.0.0 (/private/tmp/careops-q53/libs/kairos/crates/kairo-ecs-state)
   Compiling kairo-ecs-rng v0.0.0 (/private/tmp/careops-q53/libs/kairos/crates/kairo-ecs-rng)
   Compiling kairo-ecs-core v0.0.0 (/private/tmp/careops-q53/libs/kairos/crates/kairo-ecs-core)
   Compiling syn v3.0.6
   Compiling thiserror-impl v2.0.20
   Compiling kairo-ecs-des v0.1.0 (/private/tmp/careops-q53/libs/kairos/crates/kairo-ecs-des)
    Finished `test` profile [unoptimized + debuginfo] target(s) in 13.21s
     Running unittests src/lib.rs (.artifacts/q53-native/target/debug/deps/kairo_ecs_des-c2deae00006693bc)
     Running tests/des_integration.rs (.artifacts/q53-native/target/debug/deps/des_integration-7be34236769f2ff1)
     Running tests/des_resource_queue_v1.rs (.artifacts/q53-native/target/debug/deps/des_resource_queue_v1-0002351d02fe28c7)
     Running tests/flow_actor_domain_context_v1.rs (.artifacts/q53-native/target/debug/deps/flow_actor_domain_context_v1-4a74b00e35865b94)
     Running tests/flow_builder_migration_v1.rs (.artifacts/q53-native/target/debug/deps/flow_builder_migration_v1-afd34638fe4c2868)
     Running tests/flow_capacity_v1.rs (.artifacts/q53-native/target/debug/deps/flow_capacity_v1-901925c41cd79e9a)
     Running tests/flow_continuations_v1.rs (.artifacts/q53-native/target/debug/deps/flow_continuations_v1-c2297092fac510b4)
     Running tests/flow_determinism_conformance_v1.rs (.artifacts/q53-native/target/debug/deps/flow_determinism_conformance_v1-dceacc6b24a81734)
     Running tests/flow_errors_v1.rs (.artifacts/q53-native/target/debug/deps/flow_errors_v1-cdff108e778d37d2)
     Running tests/flow_lifecycle_snapshot_v1.rs (.artifacts/q53-native/target/debug/deps/flow_lifecycle_snapshot_v1-d92102a3cb71854b)
     Running tests/flow_lifecycle_v1.rs (.artifacts/q53-native/target/debug/deps/flow_lifecycle_v1-5bfdaa42185958dc)
     Running tests/flow_preemption_eligibility_v1.rs (.artifacts/q53-native/target/debug/deps/flow_preemption_eligibility_v1-bdc0a2464bc5adf4)
     Running tests/flow_preemption_primary_v1.rs (.artifacts/q53-native/target/debug/deps/flow_preemption_primary_v1-0caae8116ac075f2)
     Running tests/flow_preemption_property_v1.rs (.artifacts/q53-native/target/debug/deps/flow_preemption_property_v1-f3e581c34a20261d)
     Running tests/flow_preemption_secondary_v1.rs (.artifacts/q53-native/target/debug/deps/flow_preemption_secondary_v1-37256c1e515b2aa7)
     Running tests/flow_queue_v1.rs (.artifacts/q53-native/target/debug/deps/flow_queue_v1-a6f7d11c3857369f)
     Running tests/flow_registration_phase_v1.rs (.artifacts/q53-native/target/debug/deps/flow_registration_phase_v1-c73c77dc8d1e37c1)
     Running tests/flow_same_tick_budget_v1.rs (.artifacts/q53-native/target/debug/deps/flow_same_tick_budget_v1-6e69b5f33a1c5aa0)
     Running tests/flow_shared_domain_v1.rs (.artifacts/q53-native/target/debug/deps/flow_shared_domain_v1-9643cd87630e2d50)
     Running tests/flow_staff_bed_cleaning_v1.rs (.artifacts/q53-native/target/debug/deps/flow_staff_bed_cleaning_v1-6509b6fe22b806cc)
     Running tests/flow_work_v1.rs (.artifacts/q53-native/target/debug/deps/flow_work_v1-2db4a499926514c3)
     Running tests/flow_world_view_v1.rs (.artifacts/q53-native/target/debug/deps/flow_world_view_v1-e19c65a37df57846)
     Running tests/q53_legacy_public_surface_v1.rs (.artifacts/q53-native/target/debug/deps/q53_legacy_public_surface_v1-9a2b34f5903e6a4f)
   Doc-tests kairo_ecs_des
