context	Build and run representative ED benchmark	﻿2026-10-04T23:47:27.0205241Z ##[group]Run set -euo pipefail
context	Build and run representative ED benchmark	2026-10-04T23:47:27.0205576Z ^[[36;1mset -euo pipefail^[[0m
context	Build and run representative ED benchmark	2026-10-04T23:47:27.0205885Z ^[[36;1mrustup toolchain install 1.99.0 --profile minimal^[[0m
context	Build and run representative ED benchmark	2026-10-04T23:47:27.0206339Z ^[[36;1mcargo +1.99.0 build --locked --release --package careops-ed-cli^[[0m
context	Build and run representative ED benchmark	2026-10-04T23:47:27.0206983Z ^[[36;1mpython3 tools/ed_benchmarks.py --binary target/release/careops-ed --output .artifacts/ci/d34/report.json^[[0m
context	Build and run representative ED benchmark	2026-10-04T23:47:27.0270224Z shell: /usr/bin/bash -e {0}
context	Build and run representative ED benchmark	2026-10-04T23:47:27.0270494Z ##[endgroup]
context	Build and run representative ED benchmark	2026-10-04T23:47:27.0434618Z info: syncing channel updates for 1.99.0-x86_64-unknown-linux-gnu
context	Build and run representative ED benchmark	2026-10-04T23:47:27.1286284Z info: latest update on 2026-10-01 for version 1.99.0 (b940084d7 2026-09-28)
context	Build and run representative ED benchmark	2026-10-04T23:47:27.1287241Z info: downloading 3 components
context	Build and run representative ED benchmark	2026-10-04T23:47:34.4911400Z 
context	Build and run representative ED benchmark	2026-10-04T23:47:34.4974915Z   1.99.0-x86_64-unknown-linux-gnu installed - rustc 1.99.0 (b940084d7 2026-09-28)
context	Build and run representative ED benchmark	2026-10-04T23:47:34.4975464Z 
context	Build and run representative ED benchmark	2026-10-04T23:47:34.5311539Z     Updating crates.io index
context	Build and run representative ED benchmark	2026-10-04T23:47:34.6452209Z  Downloading crates ...
context	Build and run representative ED benchmark	2026-10-04T23:47:34.6938128Z   Downloaded quote v1.0.47
context	Build and run representative ED benchmark	2026-10-04T23:47:34.6996220Z   Downloaded cpufeatures v0.2.17
context	Build and run representative ED benchmark	2026-10-04T23:47:34.7016722Z   Downloaded serde_core v1.0.229
context	Build and run representative ED benchmark	2026-10-04T23:47:34.7048039Z   Downloaded block-buffer v0.10.4
context	Build and run representative ED benchmark	2026-10-04T23:47:34.7062425Z   Downloaded crypto-common v0.1.7
context	Build and run representative ED benchmark	2026-10-04T23:47:34.7073222Z   Downloaded memchr v2.8.3
context	Build and run representative ED benchmark	2026-10-04T23:47:34.7130417Z   Downloaded serde_derive v1.0.229
context	Build and run representative ED benchmark	2026-10-04T23:47:34.7160979Z   Downloaded sha2 v0.10.9
context	Build and run representative ED benchmark	2026-10-04T23:47:34.7186664Z   Downloaded digest v0.10.7
context	Build and run representative ED benchmark	2026-10-04T23:47:34.7204719Z   Downloaded version_check v0.9.5
context	Build and run representative ED benchmark	2026-10-04T23:47:34.7217970Z   Downloaded cfg-if v1.0.5
context	Build and run representative ED benchmark	2026-10-04T23:47:34.7230652Z   Downloaded generic-array v0.14.7
context	Build and run representative ED benchmark	2026-10-04T23:47:34.7244462Z   Downloaded itoa v1.0.18
context	Build and run representative ED benchmark	2026-10-04T23:47:34.7258963Z   Downloaded unicode-ident v1.0.26
context	Build and run representative ED benchmark	2026-10-04T23:47:34.7286733Z   Downloaded zmij v1.0.23
context	Build and run representative ED benchmark	2026-10-04T23:47:34.7304219Z   Downloaded proc-macro2 v1.0.107
context	Build and run representative ED benchmark	2026-10-04T23:47:34.7334080Z   Downloaded typenum v1.20.1
context	Build and run representative ED benchmark	2026-10-04T23:47:34.7369353Z   Downloaded serde v1.0.229
context	Build and run representative ED benchmark	2026-10-04T23:47:34.7403625Z   Downloaded serde_json v1.0.151
context	Build and run representative ED benchmark	2026-10-04T23:47:34.7478348Z   Downloaded syn v3.0.6
context	Build and run representative ED benchmark	2026-10-04T23:47:34.7756540Z    Compiling proc-macro2 v1.0.107
context	Build and run representative ED benchmark	2026-10-04T23:47:34.7766271Z    Compiling version_check v0.9.5
context	Build and run representative ED benchmark	2026-10-04T23:47:34.7766861Z    Compiling unicode-ident v1.0.26
context	Build and run representative ED benchmark	2026-10-04T23:47:34.7767730Z    Compiling quote v1.0.47
context	Build and run representative ED benchmark	2026-10-04T23:47:34.8315299Z    Compiling serde_core v1.0.229
context	Build and run representative ED benchmark	2026-10-04T23:47:34.9217850Z    Compiling typenum v1.20.1
context	Build and run representative ED benchmark	2026-10-04T23:47:34.9667069Z    Compiling generic-array v0.14.7
context	Build and run representative ED benchmark	2026-10-04T23:47:34.9679339Z    Compiling zmij v1.0.23
context	Build and run representative ED benchmark	2026-10-04T23:47:35.0844889Z    Compiling serde_json v1.0.151
context	Build and run representative ED benchmark	2026-10-04T23:47:35.1580954Z    Compiling serde v1.0.229
context	Build and run representative ED benchmark	2026-10-04T23:47:35.6154972Z    Compiling memchr v2.8.3
context	Build and run representative ED benchmark	2026-10-04T23:47:35.6894699Z    Compiling syn v3.0.6
context	Build and run representative ED benchmark	2026-10-04T23:47:36.2614905Z    Compiling block-buffer v0.10.4
context	Build and run representative ED benchmark	2026-10-04T23:47:36.3364890Z    Compiling crypto-common v0.1.7
context	Build and run representative ED benchmark	2026-10-04T23:47:36.3862784Z    Compiling itoa v1.0.18
context	Build and run representative ED benchmark	2026-10-04T23:47:36.5740399Z    Compiling kairo-ecs-types v0.0.0 (/home/runner/work/careops-sim/careops-sim/libs/kairos/crates/kairo-ecs-types)
context	Build and run representative ED benchmark	2026-10-04T23:47:36.6815509Z    Compiling kairo-ecs-core v0.0.0 (/home/runner/work/careops-sim/careops-sim/libs/kairos/crates/kairo-ecs-core)
context	Build and run representative ED benchmark	2026-10-04T23:47:36.8315522Z    Compiling digest v0.10.7
context	Build and run representative ED benchmark	2026-10-04T23:47:36.9764894Z    Compiling cfg-if v1.0.5
context	Build and run representative ED benchmark	2026-10-04T23:47:37.0014848Z    Compiling cpufeatures v0.2.17
context	Build and run representative ED benchmark	2026-10-04T23:47:37.0374959Z    Compiling sha2 v0.10.9
context	Build and run representative ED benchmark	2026-10-04T23:47:37.6184418Z    Compiling serde_derive v1.0.229
context	Build and run representative ED benchmark	2026-10-04T23:47:39.6960716Z    Compiling careops-ed v0.1.0 (/home/runner/work/careops-sim/careops-sim/crates/careops-ed)
context	Build and run representative ED benchmark	2026-10-04T23:47:41.7767951Z    Compiling careops-ed-cli v0.1.0 (/home/runner/work/careops-sim/careops-sim/crates/careops-ed-cli)
context	Build and run representative ED benchmark	2026-10-04T23:47:42.0900830Z     Finished `release` profile [optimized] target(s) in 7.58s
context	Build and run representative ED benchmark	2026-10-04T23:47:42.2571870Z Traceback (most recent call last):
context	Build and run representative ED benchmark	2026-10-04T23:47:42.2572828Z   File "/home/runner/work/careops-sim/careops-sim/tools/ed_benchmarks.py", line 397, in <module>
context	Build and run representative ED benchmark	2026-10-04T23:47:42.2573500Z     raise SystemExit(main())
context	Build and run representative ED benchmark	2026-10-04T23:47:42.2574135Z                      ^^^^^^
context	Build and run representative ED benchmark	2026-10-04T23:47:42.2574989Z   File "/home/runner/work/careops-sim/careops-sim/tools/ed_benchmarks.py", line 386, in main
context	Build and run representative ED benchmark	2026-10-04T23:47:42.2576041Z     result = run_suite(args.binary, args.output)
context	Build and run representative ED benchmark	2026-10-04T23:47:42.2576647Z              ^^^^^^^^^^^^^^^^^^^^^^^^^^^^^^^^^^^
context	Build and run representative ED benchmark	2026-10-04T23:47:42.2577589Z   File "/home/runner/work/careops-sim/careops-sim/tools/ed_benchmarks.py", line 325, in run_suite
context	Build and run representative ED benchmark	2026-10-04T23:47:42.2578679Z     checks = _preflight_checks(binary, output_dir, template)
context	Build and run representative ED benchmark	2026-10-04T23:47:42.2579398Z              ^^^^^^^^^^^^^^^^^^^^^^^^^^^^^^^^^^^^^^^^^^^^^^^
context	Build and run representative ED benchmark	2026-10-04T23:47:42.2580195Z   File "/home/runner/work/careops-sim/careops-sim/tools/ed_benchmarks.py", line 194, in _preflight_checks
context	Build and run representative ED benchmark	2026-10-04T23:47:42.2581021Z     full_result = _run_to_full([str(binary), "run", str(valid_path)])
context	Build and run representative ED benchmark	2026-10-04T23:47:42.2581522Z                   ^^^^^^^^^^^^^^^^^^^^^^^^^^^^^^^^^^^^^^^^^^^^^^^^^^^
context	Build and run representative ED benchmark	2026-10-04T23:47:42.2582227Z   File "/home/runner/work/careops-sim/careops-sim/tools/ed_benchmark_process.py", line 214, in _run_to_full
context	Build and run representative ED benchmark	2026-10-04T23:47:42.2582909Z     sink_path = Path("/dev/full")
context	Build and run representative ED benchmark	2026-10-04T23:47:42.2583227Z                 ^^^^
context	Build and run representative ED benchmark	2026-10-04T23:47:42.2583597Z NameError: name 'Path' is not defined. Did you mean: 'math'?
context	Build and run representative ED benchmark	2026-10-04T23:47:42.2728776Z ##[error]Process completed with exit code 1.
context	Retain D3.4 benchmark report	﻿2026-10-04T23:47:42.2900678Z ##[group]Run actions/upload-artifact@ea165f8d65b6e75b540449e92b4886f43607fa02
context	Retain D3.4 benchmark report	2026-10-04T23:47:42.2901148Z with:
context	Retain D3.4 benchmark report	2026-10-04T23:47:42.2901372Z   name: d34-benchmarks-37244980138
context	Retain D3.4 benchmark report	2026-10-04T23:47:42.2901663Z   path: .artifacts/ci/d34/report.json
context	Retain D3.4 benchmark report	2026-10-04T23:47:42.2901943Z   if-no-files-found: error
context	Retain D3.4 benchmark report	2026-10-04T23:47:42.2902176Z   retention-days: 7
context	Retain D3.4 benchmark report	2026-10-04T23:47:42.2902385Z   compression-level: 6
context	Retain D3.4 benchmark report	2026-10-04T23:47:42.2902599Z   overwrite: false
context	Retain D3.4 benchmark report	2026-10-04T23:47:42.2902811Z   include-hidden-files: false
context	Retain D3.4 benchmark report	2026-10-04T23:47:42.2903050Z ##[endgroup]
context	Retain D3.4 benchmark report	2026-10-04T23:47:42.4558398Z (node:5230) [DEP0040] DeprecationWarning: The `punycode` module is deprecated. Please use a userland alternative instead.
context	Retain D3.4 benchmark report	2026-10-04T23:47:42.4559131Z (Use `node --trace-deprecation ...` to show where the warning was created)
context	Retain D3.4 benchmark report	2026-10-04T23:47:42.4591197Z ##[error]No files were found with the provided path: .artifacts/ci/d34/report.json. No artifacts will be uploaded.
Required checks	Enforce required lanes and report unchanged scope	﻿2026-10-04T23:48:06.1670590Z ##[group]Run set -eu
Required checks	Enforce required lanes and report unchanged scope	2026-10-04T23:48:06.1671405Z ^[[36;1mset -eu^[[0m
Required checks	Enforce required lanes and report unchanged scope	2026-10-04T23:48:06.1671947Z ^[[36;1mif [ "$SCOPE_RESULT" != success ]; then^[[0m
Required checks	Enforce required lanes and report unchanged scope	2026-10-04T23:48:06.1672692Z ^[[36;1m  echo "scope detection failed: $SCOPE_RESULT"^[[0m
Required checks	Enforce required lanes and report unchanged scope	2026-10-04T23:48:06.1673521Z ^[[36;1m  exit 1^[[0m
Required checks	Enforce required lanes and report unchanged scope	2026-10-04T23:48:06.1673973Z ^[[36;1mfi^[[0m
Required checks	Enforce required lanes and report unchanged scope	2026-10-04T23:48:06.1674758Z ^[[36;1mfor selector in "$SCOPE_CHANGED" "$SCOPE_NATIVE" "$SCOPE_CONTEXT" "$SCOPE_POLICY"; do^[[0m
Required checks	Enforce required lanes and report unchanged scope	2026-10-04T23:48:06.1676018Z ^[[36;1m  if [ "$selector" != true ] && [ "$selector" != false ]; then^[[0m
Required checks	Enforce required lanes and report unchanged scope	2026-10-04T23:48:06.1676876Z ^[[36;1m    echo "invalid scope output: $selector"^[[0m
Required checks	Enforce required lanes and report unchanged scope	2026-10-04T23:48:06.1677507Z ^[[36;1m    exit 1^[[0m
Required checks	Enforce required lanes and report unchanged scope	2026-10-04T23:48:06.1677980Z ^[[36;1m  fi^[[0m
Required checks	Enforce required lanes and report unchanged scope	2026-10-04T23:48:06.1678502Z ^[[36;1mdone^[[0m
Required checks	Enforce required lanes and report unchanged scope	2026-10-04T23:48:06.1679008Z ^[[36;1mexpected_changed=false^[[0m
Required checks	Enforce required lanes and report unchanged scope	2026-10-04T23:48:06.1679920Z ^[[36;1mif [ "$SCOPE_NATIVE" = true ] || [ "$SCOPE_CONTEXT" = true ] || [ "$SCOPE_POLICY" = true ]; then^[[0m
Required checks	Enforce required lanes and report unchanged scope	2026-10-04T23:48:06.1680806Z ^[[36;1m  expected_changed=true^[[0m
Required checks	Enforce required lanes and report unchanged scope	2026-10-04T23:48:06.1681506Z ^[[36;1mfi^[[0m
Required checks	Enforce required lanes and report unchanged scope	2026-10-04T23:48:06.1682061Z ^[[36;1mif [ "$SCOPE_CHANGED" != "$expected_changed" ]; then^[[0m
Required checks	Enforce required lanes and report unchanged scope	2026-10-04T23:48:06.1683116Z ^[[36;1m  echo "inconsistent changed selector: changed=$SCOPE_CHANGED expected=$expected_changed"^[[0m
Required checks	Enforce required lanes and report unchanged scope	2026-10-04T23:48:06.1684217Z ^[[36;1m  exit 1^[[0m
Required checks	Enforce required lanes and report unchanged scope	2026-10-04T23:48:06.1684679Z ^[[36;1mfi^[[0m
Required checks	Enforce required lanes and report unchanged scope	2026-10-04T23:48:06.1685219Z ^[[36;1mexpect_lane() {^[[0m
Required checks	Enforce required lanes and report unchanged scope	2026-10-04T23:48:06.1685860Z ^[[36;1m  lane="$1"^[[0m
Required checks	Enforce required lanes and report unchanged scope	2026-10-04T23:48:06.1686395Z ^[[36;1m  selected="$2"^[[0m
Required checks	Enforce required lanes and report unchanged scope	2026-10-04T23:48:06.1686963Z ^[[36;1m  result="$3"^[[0m
Required checks	Enforce required lanes and report unchanged scope	2026-10-04T23:48:06.1687587Z ^[[36;1m  if [ "$selected" = true ] && [ "$result" != success ]; then^[[0m
Required checks	Enforce required lanes and report unchanged scope	2026-10-04T23:48:06.1688477Z ^[[36;1m    echo "selected required lane $lane did not succeed: $result"^[[0m
Required checks	Enforce required lanes and report unchanged scope	2026-10-04T23:48:06.1689219Z ^[[36;1m    exit 1^[[0m
Required checks	Enforce required lanes and report unchanged scope	2026-10-04T23:48:06.1689753Z ^[[36;1m  fi^[[0m
Required checks	Enforce required lanes and report unchanged scope	2026-10-04T23:48:06.1690381Z ^[[36;1m  if [ "$selected" = false ] && [ "$result" != skipped ]; then^[[0m
Required checks	Enforce required lanes and report unchanged scope	2026-10-04T23:48:06.1691251Z ^[[36;1m    echo "unselected required lane $lane was not skipped: $result"^[[0m
Required checks	Enforce required lanes and report unchanged scope	2026-10-04T23:48:06.1692069Z ^[[36;1m    exit 1^[[0m
Required checks	Enforce required lanes and report unchanged scope	2026-10-04T23:48:06.1692545Z ^[[36;1m  fi^[[0m
Required checks	Enforce required lanes and report unchanged scope	2026-10-04T23:48:06.1693030Z ^[[36;1m}^[[0m
Required checks	Enforce required lanes and report unchanged scope	2026-10-04T23:48:06.1693600Z ^[[36;1mexpect_lane fmt "$SCOPE_NATIVE" "$FMT_RESULT"^[[0m
Required checks	Enforce required lanes and report unchanged scope	2026-10-04T23:48:06.1694421Z ^[[36;1mexpect_lane clippy "$SCOPE_NATIVE" "$CLIPPY_RESULT"^[[0m
Required checks	Enforce required lanes and report unchanged scope	2026-10-04T23:48:06.1695635Z ^[[36;1mexpect_lane test "$SCOPE_NATIVE" "$TEST_RESULT"^[[0m
Required checks	Enforce required lanes and report unchanged scope	2026-10-04T23:48:06.1696418Z ^[[36;1mexpect_lane msrv "$SCOPE_NATIVE" "$MSRV_RESULT"^[[0m
Required checks	Enforce required lanes and report unchanged scope	2026-10-04T23:48:06.1763088Z ^[[36;1mexpect_lane fuzz "$SCOPE_NATIVE" "$FUZZ_RESULT"^[[0m
Required checks	Enforce required lanes and report unchanged scope	2026-10-04T23:48:06.1763756Z ^[[36;1mexpect_lane miri "$SCOPE_NATIVE" "$MIRI_RESULT"^[[0m
Required checks	Enforce required lanes and report unchanged scope	2026-10-04T23:48:06.1764407Z ^[[36;1mexpect_lane doctest "$SCOPE_NATIVE" "$DOCTEST_RESULT"^[[0m
Required checks	Enforce required lanes and report unchanged scope	2026-10-04T23:48:06.1765085Z ^[[36;1mexpect_lane context "$SCOPE_CONTEXT" "$CONTEXT_RESULT"^[[0m
Required checks	Enforce required lanes and report unchanged scope	2026-10-04T23:48:06.1765860Z ^[[36;1mexpect_lane policy "$SCOPE_POLICY" "$POLICY_RESULT"^[[0m
Required checks	Enforce required lanes and report unchanged scope	2026-10-04T23:48:06.1766639Z ^[[36;1mecho "all selected required lanes passed; changed=$SCOPE_CHANGED"^[[0m
Required checks	Enforce required lanes and report unchanged scope	2026-10-04T23:48:06.2560785Z shell: /usr/bin/bash -e {0}
Required checks	Enforce required lanes and report unchanged scope	2026-10-04T23:48:06.2561394Z env:
Required checks	Enforce required lanes and report unchanged scope	2026-10-04T23:48:06.2561654Z   SCOPE_RESULT: success
Required checks	Enforce required lanes and report unchanged scope	2026-10-04T23:48:06.2561928Z   SCOPE_CHANGED: true
Required checks	Enforce required lanes and report unchanged scope	2026-10-04T23:48:06.2562198Z   SCOPE_NATIVE: true
Required checks	Enforce required lanes and report unchanged scope	2026-10-04T23:48:06.2562479Z   SCOPE_CONTEXT: true
Required checks	Enforce required lanes and report unchanged scope	2026-10-04T23:48:06.2562750Z   SCOPE_POLICY: true
Required checks	Enforce required lanes and report unchanged scope	2026-10-04T23:48:06.2563005Z   FMT_RESULT: success
Required checks	Enforce required lanes and report unchanged scope	2026-10-04T23:48:06.2563269Z   CLIPPY_RESULT: success
Required checks	Enforce required lanes and report unchanged scope	2026-10-04T23:48:06.2563541Z   TEST_RESULT: success
Required checks	Enforce required lanes and report unchanged scope	2026-10-04T23:48:06.2563804Z   MSRV_RESULT: success
Required checks	Enforce required lanes and report unchanged scope	2026-10-04T23:48:06.2564063Z   FUZZ_RESULT: success
Required checks	Enforce required lanes and report unchanged scope	2026-10-04T23:48:06.2564321Z   MIRI_RESULT: success
Required checks	Enforce required lanes and report unchanged scope	2026-10-04T23:48:06.2564580Z   DOCTEST_RESULT: success
Required checks	Enforce required lanes and report unchanged scope	2026-10-04T23:48:06.2564855Z   CONTEXT_RESULT: failure
Required checks	Enforce required lanes and report unchanged scope	2026-10-04T23:48:06.2565131Z   POLICY_RESULT: success
Required checks	Enforce required lanes and report unchanged scope	2026-10-04T23:48:06.2565566Z ##[endgroup]
Required checks	Enforce required lanes and report unchanged scope	2026-10-04T23:48:06.2749066Z selected required lane context did not succeed: failure
Required checks	Enforce required lanes and report unchanged scope	2026-10-04T23:48:06.2763449Z ##[error]Process completed with exit code 1.
