test_all_catalogues_pass_coverage_provenance_and_semantics (test_abm_catalogue.AbmCatalogueTests.test_all_catalogues_pass_coverage_provenance_and_semantics) ... ok
test_evidence_reference_scope_and_hash_are_checked (test_abm_catalogue.AbmCatalogueTests.test_evidence_reference_scope_and_hash_are_checked) ... ok
test_missing_family_id_fails (test_abm_catalogue.AbmCatalogueTests.test_missing_family_id_fails) ... ok
test_numeric_default_promotion_fails (test_abm_catalogue.AbmCatalogueTests.test_numeric_default_promotion_fails) ... ok
test_selected_candidate_or_default_fails (test_abm_catalogue.AbmCatalogueTests.test_selected_candidate_or_default_fails) ... ok
test_usage_matrix_unit_drift_fails (test_abm_catalogue.AbmCatalogueTests.test_usage_matrix_unit_drift_fails) ... ok
test_hand_worked_fixture_passes_as_synthetic_only (test_abm_synthetic_accounting.SyntheticAbmAccountingTests.test_hand_worked_fixture_passes_as_synthetic_only) ... ok
test_inaccessible_edge_cannot_be_used (test_abm_synthetic_accounting.SyntheticAbmAccountingTests.test_inaccessible_edge_cannot_be_used) ... ok
test_invalid_unit_arithmetic_fails (test_abm_synthetic_accounting.SyntheticAbmAccountingTests.test_invalid_unit_arithmetic_fails) ... ok
test_macro_does_not_require_a_graph (test_abm_synthetic_accounting.SyntheticAbmAccountingTests.test_macro_does_not_require_a_graph) ... ok
test_macro_elapsed_is_not_added_to_micro_intervals (test_abm_synthetic_accounting.SyntheticAbmAccountingTests.test_macro_elapsed_is_not_added_to_micro_intervals) ... ok
test_reverse_reachability_is_not_inferred (test_abm_synthetic_accounting.SyntheticAbmAccountingTests.test_reverse_reachability_is_not_inferred) ... ok
test_travel_interval_must_match_edge_time (test_abm_synthetic_accounting.SyntheticAbmAccountingTests.test_travel_interval_must_match_edge_time) ... ok
test_actual_out_of_scope_changes_cannot_be_omitted (test_agent_session.SessionTests.test_actual_out_of_scope_changes_cannot_be_omitted) ... ok
test_bound_input_changes_fail_before_a_write_check (test_agent_session.SessionTests.test_bound_input_changes_fail_before_a_write_check) ... ok
test_case_alias_cannot_expand_exact_write_scope (test_agent_session.SessionTests.test_case_alias_cannot_expand_exact_write_scope) ... ok
test_case_and_unicode_aliases_conflict_conservatively (test_agent_session.SessionTests.test_case_and_unicode_aliases_conflict_conservatively) ... ok
test_context_has_exact_hash_and_rejects_untracked_or_oversize (test_agent_session.SessionTests.test_context_has_exact_hash_and_rejects_untracked_or_oversize) ... ok
test_corrupted_store_fails_closed (test_agent_session.SessionTests.test_corrupted_store_fails_closed) ... ok
test_dirty_claim_rejects_staged_unstaged_and_untracked (test_agent_session.SessionTests.test_dirty_claim_rejects_staged_unstaged_and_untracked) ... ok
test_expiry_never_automatically_steals_claim (test_agent_session.SessionTests.test_expiry_never_automatically_steals_claim) ... ok
test_heartbeat_release_and_head_drift (test_agent_session.SessionTests.test_heartbeat_release_and_head_drift) ... ok
test_ignored_build_artifacts_are_not_source_authority (test_agent_session.SessionTests.test_ignored_build_artifacts_are_not_source_authority) ... ok
test_invalid_utf8_context_is_sanitized (test_agent_session.SessionTests.test_invalid_utf8_context_is_sanitized) ... ok
test_malformed_json_shapes_fail_closed_without_traceback (test_agent_session.SessionTests.test_malformed_json_shapes_fail_closed_without_traceback) ... ok
test_oversized_context_rejected_before_file_allocation (test_agent_session.SessionTests.test_oversized_context_rejected_before_file_allocation) ... ok
test_path_traversal_symlink_and_unknown_token_rejected (test_agent_session.SessionTests.test_path_traversal_symlink_and_unknown_token_rejected) ... ok
test_same_checkout_disjoint_paths_still_conflict (test_agent_session.SessionTests.test_same_checkout_disjoint_paths_still_conflict) ... ok
test_separate_worktrees_share_path_reservations (test_agent_session.SessionTests.test_separate_worktrees_share_path_reservations) ... ok
test_two_real_processes_racing_have_one_winner (test_agent_session.SessionTests.test_two_real_processes_racing_have_one_winner) ... ok
test_core_suite_checks_toolchain_then_runs_five_locked_packages (test_bootstrap.BootstrapTests.test_core_suite_checks_toolchain_then_runs_five_locked_packages) ... ok
test_core_suite_reports_submodule_setup_instructions (test_bootstrap.BootstrapTests.test_core_suite_reports_submodule_setup_instructions) ... ok
test_host_mapping_is_limited_to_supported_targets (test_bootstrap.BootstrapTests.test_host_mapping_is_limited_to_supported_targets) ... ok
test_missing_rustup_has_actionable_remediation_without_invocation (test_bootstrap.BootstrapTests.test_missing_rustup_has_actionable_remediation_without_invocation) ... ok
test_success_uses_read_only_rustup_run_for_both_tools (test_bootstrap.BootstrapTests.test_success_uses_read_only_rustup_run_for_both_tools) ... ok
test_toolchain_host_mismatch_fails (test_bootstrap.BootstrapTests.test_toolchain_host_mismatch_fails) ... ok
test_unsupported_host_fails_before_running_tools (test_bootstrap.BootstrapTests.test_unsupported_host_fails_before_running_tools) ... ok
test_wrong_cargo_version_fails (test_bootstrap.BootstrapTests.test_wrong_cargo_version_fails) ... ok
test_wrong_rustc_version_fails (test_bootstrap.BootstrapTests.test_wrong_rustc_version_fails) ... ok
test_absent_zero_nonexistent_base_and_invalid_head_select_every_lane (test_ci_scope.CiScopeTests.test_absent_zero_nonexistent_base_and_invalid_head_select_every_lane) ... ci scope: conservative full selection: base and head must be full Git object IDs
ci scope: conservative full selection: fatal: Not a valid object name 0000000000000000000000000000000000000000^{commit}
ci scope: conservative full selection: fatal: Not a valid object name ffffffffffffffffffffffffffffffffffffffff^{commit}
ci scope: conservative full selection: base and head must be full Git object IDs
ok
test_empty_diff_skips_every_lane (test_ci_scope.CiScopeTests.test_empty_diff_skips_every_lane) ... ok
test_executable_and_symlink_planning_paths_select_every_lane (test_ci_scope.CiScopeTests.test_executable_and_symlink_planning_paths_select_every_lane) ... ok
test_gitlink_planning_path_selects_every_lane (test_ci_scope.CiScopeTests.test_gitlink_planning_path_selects_every_lane) ... ok
test_injected_missed_native_selection_is_caught_by_real_git_oracle (test_ci_scope.CiScopeTests.test_injected_missed_native_selection_is_caught_by_real_git_oracle) ... ok
test_invalid_base_or_git_errors_select_every_lane (test_ci_scope.CiScopeTests.test_invalid_base_or_git_errors_select_every_lane) ... ci scope: conservative full selection: base and head must be full Git object IDs
ci scope: conservative full selection: fixture git error
ok
test_malformed_or_unknown_status_and_unsafe_path_are_rejected (test_ci_scope.CiScopeTests.test_malformed_or_unknown_status_and_unsafe_path_are_rejected) ... ok
test_mode_must_be_known_for_every_changed_side (test_ci_scope.CiScopeTests.test_mode_must_be_known_for_every_changed_side) ... ok
test_nonempty_name_status_requires_terminal_nul (test_ci_scope.CiScopeTests.test_nonempty_name_status_requires_terminal_nul) ... ok
test_output_is_literal_and_contains_all_selectors (test_ci_scope.CiScopeTests.test_output_is_literal_and_contains_all_selectors) ... ok
test_real_git_mixed_runtime_and_planning_changes_select_every_lane (test_ci_scope.CiScopeTests.test_real_git_mixed_runtime_and_planning_changes_select_every_lane) ... ok
test_real_git_runtime_input_matrix_and_both_gitlinks_select_every_lane (test_ci_scope.CiScopeTests.test_real_git_runtime_input_matrix_and_both_gitlinks_select_every_lane) ... ok
test_real_git_runtime_to_planning_rename_selects_every_lane (test_ci_scope.CiScopeTests.test_real_git_runtime_to_planning_rename_selects_every_lane) ... ok
test_real_git_typechange_selects_every_lane (test_ci_scope.CiScopeTests.test_real_git_typechange_selects_every_lane) ... ok
test_regular_planning_add_modify_delete_selects_context_and_policy_only (test_ci_scope.CiScopeTests.test_regular_planning_add_modify_delete_selects_context_and_policy_only) ... ok
test_rename_and_copy_records_keep_both_paths (test_ci_scope.CiScopeTests.test_rename_and_copy_records_keep_both_paths) ... ok
test_rename_from_planning_to_runtime_selects_every_lane (test_ci_scope.CiScopeTests.test_rename_from_planning_to_runtime_selects_every_lane) ... ok
test_runtime_and_unknown_paths_select_every_lane (test_ci_scope.CiScopeTests.test_runtime_and_unknown_paths_select_every_lane) ... ok
test_cargo_lanes_initialize_path_dependency_and_pin_evidenced_toolchain (test_ci_workflow.CiWorkflowTests.test_cargo_lanes_initialize_path_dependency_and_pin_evidenced_toolchain) ... ok
test_changed_scope_cannot_hide_a_skipped_lane (test_ci_workflow.CiWorkflowTests.test_changed_scope_cannot_hide_a_skipped_lane) ... ok
test_changed_scope_fails_when_required_lane_result_is_absent (test_ci_workflow.CiWorkflowTests.test_changed_scope_fails_when_required_lane_result_is_absent) ... ok
test_ci_budgets_and_cache_trust_boundary (test_ci_workflow.CiWorkflowTests.test_ci_budgets_and_cache_trust_boundary) ... ok
test_context_check_fetches_pinned_submodule_documents (test_ci_workflow.CiWorkflowTests.test_context_check_fetches_pinned_submodule_documents) ... ok
test_fuzz_changes_are_in_scope_and_fuzz_is_required_fail_closed (test_ci_workflow.CiWorkflowTests.test_fuzz_changes_are_in_scope_and_fuzz_is_required_fail_closed) ... ok
test_fuzz_manifest_isolated_and_license_exception_is_version_scoped (test_ci_workflow.CiWorkflowTests.test_fuzz_manifest_isolated_and_license_exception_is_version_scoped) ... ok
test_fuzz_records_actual_address_sanitizer_binary_and_retains_proof (test_ci_workflow.CiWorkflowTests.test_fuzz_records_actual_address_sanitizer_binary_and_retains_proof) ... ok
test_miri_is_a_dated_linux_ffi_target_with_explicit_toolchain_and_logs (test_ci_workflow.CiWorkflowTests.test_miri_is_a_dated_linux_ffi_target_with_explicit_toolchain_and_logs) ... ok
test_miri_result_is_fail_closed_in_changed_scope_aggregate (test_ci_workflow.CiWorkflowTests.test_miri_result_is_fail_closed_in_changed_scope_aggregate) ... ok
test_msrv_result_fails_when_selected_and_must_skip_when_unselected (test_ci_workflow.CiWorkflowTests.test_msrv_result_fails_when_selected_and_must_skip_when_unselected) ... ok
test_native_failure_cannot_be_masked_by_log_capture (test_ci_workflow.CiWorkflowTests.test_native_failure_cannot_be_masked_by_log_capture) ... ok
test_planning_only_scope_runs_context_and_policy_without_native_lanes (test_ci_workflow.CiWorkflowTests.test_planning_only_scope_runs_context_and_policy_without_native_lanes) ... ok
test_platform_and_policy_lanes_are_required (test_ci_workflow.CiWorkflowTests.test_platform_and_policy_lanes_are_required) ... ok
test_required_lane_failure_fails_aggregate (test_ci_workflow.CiWorkflowTests.test_required_lane_failure_fails_aggregate) ... ok
test_scope_detector_observes_tracked_inputs_and_gitlink_changes (test_ci_workflow.CiWorkflowTests.test_scope_detector_observes_tracked_inputs_and_gitlink_changes) ... ok
test_scope_outputs_and_lane_selectors_are_explicit (test_ci_workflow.CiWorkflowTests.test_scope_outputs_and_lane_selectors_are_explicit) ... ok
test_scope_requires_explicit_boolean_outputs_and_consistency (test_ci_workflow.CiWorkflowTests.test_scope_requires_explicit_boolean_outputs_and_consistency) ... ok
test_unchanged_scope_is_an_explicit_successful_skip (test_ci_workflow.CiWorkflowTests.test_unchanged_scope_is_an_explicit_successful_skip) ... ok
test_unit_lane_does_not_repeat_documentation_tests (test_ci_workflow.CiWorkflowTests.test_unit_lane_does_not_repeat_documentation_tests) ... ok
test_untrusted_contract_fixture_rejects_extra_permissions_and_indexed_secrets (test_ci_workflow.CiWorkflowTests.test_untrusted_contract_fixture_rejects_extra_permissions_and_indexed_secrets) ... ok
test_untrusted_pull_request_has_no_privileged_trigger_or_credentials (test_ci_workflow.CiWorkflowTests.test_untrusted_pull_request_has_no_privileged_trigger_or_credentials) ... ok
test_cli_invalid_receipt_returns_one_and_sanitized_error (test_command_receipts.CommandReceiptTests.test_cli_invalid_receipt_returns_one_and_sanitized_error) ... ok
test_common_sensitive_patterns_are_rejected_without_echoing_values (test_command_receipts.CommandReceiptTests.test_common_sensitive_patterns_are_rejected_without_echoing_values) ... ok
test_fractional_timestamp_order_preserves_submicrosecond_digits (test_command_receipts.CommandReceiptTests.test_fractional_timestamp_order_preserves_submicrosecond_digits) ... ok
test_ready_status_consistency_and_output_map (test_command_receipts.CommandReceiptTests.test_ready_status_consistency_and_output_map) ... ok
test_required_additional_properties_and_digest_rules (test_command_receipts.CommandReceiptTests.test_required_additional_properties_and_digest_rules) ... ok
test_schema_pattern_path_and_integer_edges (test_command_receipts.CommandReceiptTests.test_schema_pattern_path_and_integer_edges) ... ok
test_split_secret_flags_are_rejected_without_echoing_values (test_command_receipts.CommandReceiptTests.test_split_secret_flags_are_rejected_without_echoing_values) ... ok
test_untrusted_property_names_are_hidden_and_scanned (test_command_receipts.CommandReceiptTests.test_untrusted_property_names_are_hidden_and_scanned) ... ok
test_utc_chronology_and_nonoverlapping_commands (test_command_receipts.CommandReceiptTests.test_utc_chronology_and_nonoverlapping_commands) ... ok
test_valid_receipt_and_cli (test_command_receipts.CommandReceiptTests.test_valid_receipt_and_cli) ... ok
test_worker_evidence_source_is_strict (test_command_receipts.CommandReceiptTests.test_worker_evidence_source_is_strict) ... ok
test_broken_link_is_detected (test_context.ContextTests.test_broken_link_is_detected) ... ok
test_cycle_is_detected (test_context.ContextTests.test_cycle_is_detected) ... ok
test_explicit_independent_phases_are_preserved (test_context.ContextTests.test_explicit_independent_phases_are_preserved) ... ok
test_false_completion_is_detected (test_context.ContextTests.test_false_completion_is_detected) ... ok
test_missing_context_is_detected (test_context.ContextTests.test_missing_context_is_detected) ... ok
test_missing_phase_dependency_coverage_is_detected (test_context.ContextTests.test_missing_phase_dependency_coverage_is_detected) ... ok
test_missing_resume_action_is_detected (test_context.ContextTests.test_missing_resume_action_is_detected) ... ok
test_submodule_drift_is_detected (test_context.ContextTests.test_submodule_drift_is_detected) ... ok
test_unknown_active_phase_is_detected (test_context.ContextTests.test_unknown_active_phase_is_detected) ... ok
test_unknown_milestone_is_detected (test_context.ContextTests.test_unknown_milestone_is_detected) ... ok
test_valid_project (test_context.ContextTests.test_valid_project) ... ok
test_missing_controlled_comparison_marker_is_rejected (test_d03.D03ProfileTests.test_missing_controlled_comparison_marker_is_rejected) ... ok
test_missing_profile_module_is_rejected (test_d03.D03ProfileTests.test_missing_profile_module_is_rejected) ... ok
test_missing_source_hash_is_rejected (test_d03.D03ProfileTests.test_missing_source_hash_is_rejected) ... ok
test_benchmark_report_is_retained_even_after_failure (test_d34_ci.D34CiTests.test_benchmark_report_is_retained_even_after_failure) ... ok
test_context_benchmark_runs_after_quality_inventory_without_native_gate (test_d34_ci.D34CiTests.test_context_benchmark_runs_after_quality_inventory_without_native_gate) ... ok
test_active_matrix_row_cannot_be_silently_deferred (test_des_catalogue.CatalogueCoverageTests.test_active_matrix_row_cannot_be_silently_deferred) ... ok
test_current_catalogue_passes (test_des_catalogue.CatalogueCoverageTests.test_current_catalogue_passes) ... ok
test_duplicate_id_and_annotation_key_mismatch_fail_with_id (test_des_catalogue.CatalogueCoverageTests.test_duplicate_id_and_annotation_key_mismatch_fail_with_id) ... ok
test_family_unit_and_annotation_contract_mismatches_fail (test_des_catalogue.CatalogueCoverageTests.test_family_unit_and_annotation_contract_mismatches_fail) ... ok
test_malformed_unhashable_record_id_fails_closed (test_des_catalogue.CatalogueCoverageTests.test_malformed_unhashable_record_id_fails_closed) ... ok
test_matrix_deferred_row_cannot_be_promoted (test_des_catalogue.CatalogueCoverageTests.test_matrix_deferred_row_cannot_be_promoted) ... ok
test_missing_family_and_missing_record_are_reported (test_des_catalogue.CatalogueCoverageTests.test_missing_family_and_missing_record_are_reported) ... ok
test_absolute_and_traversing_evidence_paths_fail (test_des_catalogue.CatalogueEvidenceTests.test_absolute_and_traversing_evidence_paths_fail) ... ok
test_evidence_directory_symlink_escape_is_rejected (test_des_catalogue.CatalogueEvidenceTests.test_evidence_directory_symlink_escape_is_rejected) ... ok
test_review_and_explicit_parameter_membership_are_required (test_des_catalogue.CatalogueEvidenceTests.test_review_and_explicit_parameter_membership_are_required) ... ok
test_stale_and_semantically_wrong_evidence_refs_fail (test_des_catalogue.CatalogueEvidenceTests.test_stale_and_semantically_wrong_evidence_refs_fail) ... ok
test_symlinked_evidence_escape_is_rejected (test_des_catalogue.CatalogueEvidenceTests.test_symlinked_evidence_escape_is_rejected) ... ok
test_boarding_is_output_without_candidate_families (test_des_catalogue.CurrentCatalogueBoundaryTests.test_boarding_is_output_without_candidate_families) ... ok
test_candidates_are_unselected_nonnumeric_research_labels (test_des_catalogue.CurrentCatalogueBoundaryTests.test_candidates_are_unselected_nonnumeric_research_labels) ... ok
test_unknown_zero_defaults_distributions_and_known_ranges_fail (test_des_catalogue.CurrentCatalogueBoundaryTests.test_unknown_zero_defaults_distributions_and_known_ranges_fail) ... ok
test_known_ranges_require_finite_ordered_nonnegative_values_and_matching_units (test_des_catalogue.FutureShapeSemanticHelperTests.test_known_ranges_require_finite_ordered_nonnegative_values_and_matching_units) ... ok
test_malformed_status_and_overflowing_integer_fail_closed (test_des_catalogue.FutureShapeSemanticHelperTests.test_malformed_status_and_overflowing_integer_fail_closed) ... ok
test_probability_rejects_nonfinite_out_of_range_and_unbound_list (test_des_catalogue.FutureShapeSemanticHelperTests.test_probability_rejects_nonfinite_out_of_range_and_unbound_list) ... ok
test_probability_scalar_and_frozen_choice_table_shape (test_des_catalogue.FutureShapeSemanticHelperTests.test_probability_scalar_and_frozen_choice_table_shape) ... ok
test_resource_shape_checks_physical_staffed_open_order (test_des_catalogue.FutureShapeSemanticHelperTests.test_resource_shape_checks_physical_staffed_open_order) ... ok
test_contract_declares_contract_only_scope_and_e02_binding (test_e01_module_boundary_contract.ModuleBoundaryContractTests.test_contract_declares_contract_only_scope_and_e02_binding) ... ok
test_edges_reference_declared_modules_and_use_distinct_sets (test_e01_module_boundary_contract.ModuleBoundaryContractTests.test_edges_reference_declared_modules_and_use_distinct_sets) ... ok
test_every_forbidden_edge_and_owner_label_is_exact (test_e01_module_boundary_contract.ModuleBoundaryContractTests.test_every_forbidden_edge_and_owner_label_is_exact) ... ok
test_every_permitted_edge_and_owner_label_is_exact (test_e01_module_boundary_contract.ModuleBoundaryContractTests.test_every_permitted_edge_and_owner_label_is_exact) ... ok
test_module_ids_are_exact_unique_and_have_expected_owners (test_e01_module_boundary_contract.ModuleBoundaryContractTests.test_module_ids_are_exact_unique_and_have_expected_owners) ... ok
test_exact_trace_and_recomputed_totals (test_e01_one_patient_trace.OnePatientTraceTests.test_exact_trace_and_recomputed_totals) ... ok
test_rejects_altered_counts (test_e01_one_patient_trace.OnePatientTraceTests.test_rejects_altered_counts) ... ok
test_rejects_altered_duration (test_e01_one_patient_trace.OnePatientTraceTests.test_rejects_altered_duration) ... ok
test_rejects_altered_event_order (test_e01_one_patient_trace.OnePatientTraceTests.test_rejects_altered_event_order) ... ok
test_rejects_altered_outcome (test_e01_one_patient_trace.OnePatientTraceTests.test_rejects_altered_outcome) ... ok
test_rejects_capacity_overrun (test_e01_one_patient_trace.OnePatientTraceTests.test_rejects_capacity_overrun) ... ok
test_bound_p0_identifiers_and_config_keys_are_used (test_e01_scenario_validation_cases.ScenarioValidationFixtureTests.test_bound_p0_identifiers_and_config_keys_are_used) ... ok
test_catalogue_declares_fixture_only_scope (test_e01_scenario_validation_cases.ScenarioValidationFixtureTests.test_catalogue_declares_fixture_only_scope) ... ok
test_diagnostic_contracts_are_stable_and_distinct (test_e01_scenario_validation_cases.ScenarioValidationFixtureTests.test_diagnostic_contracts_are_stable_and_distinct) ... ok
test_each_case_has_provenance_invariant_and_diagnostic (test_e01_scenario_validation_cases.ScenarioValidationFixtureTests.test_each_case_has_provenance_invariant_and_diagnostic) ... ok
test_each_exact_negative_input_maps_to_its_expected_diagnostic (test_e01_scenario_validation_cases.ScenarioValidationFixtureTests.test_each_exact_negative_input_maps_to_its_expected_diagnostic) ... ok
test_required_cases_have_unique_stable_ids (test_e01_scenario_validation_cases.ScenarioValidationFixtureTests.test_required_cases_have_unique_stable_ids) ... ok
test_bool_count_and_wrong_units_cannot_pass_numeric_oracle (test_ed_benchmarks.BenchmarkOracleTests.test_bool_count_and_wrong_units_cannot_pass_numeric_oracle) ... ok
test_independent_oracle_accepts_all_rows_and_conservation (test_ed_benchmarks.BenchmarkOracleTests.test_independent_oracle_accepts_all_rows_and_conservation) ... ok
test_oversized_input_is_refused_before_dispatch (test_ed_benchmarks.BenchmarkOracleTests.test_oversized_input_is_refused_before_dispatch) ... ok
test_rejects_bad_manifest_hash_and_counts (test_ed_benchmarks.BenchmarkOracleTests.test_rejects_bad_manifest_hash_and_counts) ... ok
test_rejects_corrupt_patient_row (test_ed_benchmarks.BenchmarkOracleTests.test_rejects_corrupt_patient_row) ... ok
test_rejects_nonconserving_row_count (test_ed_benchmarks.BenchmarkOracleTests.test_rejects_nonconserving_row_count) ... ok
test_blocked_probe_reaps_child_when_select_raises (test_ed_benchmarks.BoundedProcessTests.test_blocked_probe_reaps_child_when_select_raises) ... ok
test_cancel_kills_and_reaps_child_while_it_writes (test_ed_benchmarks.BoundedProcessTests.test_cancel_kills_and_reaps_child_while_it_writes) ... ok
test_explicit_external_termination_unblocks_unread_full_pipe (test_ed_benchmarks.BoundedProcessTests.test_explicit_external_termination_unblocks_unread_full_pipe) ... ok
test_pipe_setup_failure_reaps_spawned_child (test_ed_benchmarks.BoundedProcessTests.test_pipe_setup_failure_reaps_spawned_child) ... ok
test_slow_consumer_drains_large_stdout_with_bounded_capture (test_ed_benchmarks.BoundedProcessTests.test_slow_consumer_drains_large_stdout_with_bounded_capture) ... ok
test_storage_sink_wrapper_records_actual_child_exit_and_stderr (test_ed_benchmarks.BoundedProcessTests.test_storage_sink_wrapper_records_actual_child_exit_and_stderr) ... ok
test_timeout_escalates_and_reaps_child_ignoring_sigterm (test_ed_benchmarks.BoundedProcessTests.test_timeout_escalates_and_reaps_child_ignoring_sigterm) ... ok
test_timeout_escalates_while_child_continuously_writes_stderr (test_ed_benchmarks.BoundedProcessTests.test_timeout_escalates_while_child_continuously_writes_stderr) ... FAIL
test_timeout_kills_descendant_holding_output_pipe (test_ed_benchmarks.BoundedProcessTests.test_timeout_kills_descendant_holding_output_pipe) ... ok
test_complete_known_aggregate_requires_treatment_buckets_and_known_counts (test_ed_capacity.EDCapacityValidationTests.test_complete_known_aggregate_requires_treatment_buckets_and_known_counts) ... ok
test_complete_known_treatment_buckets_must_match_aggregate (test_ed_capacity.EDCapacityValidationTests.test_complete_known_treatment_buckets_must_match_aggregate) ... ok
test_duplicate_location_ids_fail (test_ed_capacity.EDCapacityValidationTests.test_duplicate_location_ids_fail) ... ok
test_duplicate_resource_task_and_role_ids_fail (test_ed_capacity.EDCapacityValidationTests.test_duplicate_resource_task_and_role_ids_fail) ... ok
test_duplicate_zone_ids_fail (test_ed_capacity.EDCapacityValidationTests.test_duplicate_zone_ids_fail) ... ok
test_existing_synthetic_examples_pass (test_ed_capacity.EDCapacityValidationTests.test_existing_synthetic_examples_pass) ... ok
test_known_staff_at_other_location_cannot_mask_unknown_staff (test_ed_capacity.EDCapacityValidationTests.test_known_staff_at_other_location_cannot_mask_unknown_staff) ... ok
test_location_scoped_task_requires_resource_at_that_location (test_ed_capacity.EDCapacityValidationTests.test_location_scoped_task_requires_resource_at_that_location) ... ok
test_location_with_unknown_zone_fails (test_ed_capacity.EDCapacityValidationTests.test_location_with_unknown_zone_fails) ... ok
test_macro_record_without_routes_is_valid (test_ed_capacity.EDCapacityValidationTests.test_macro_record_without_routes_is_valid) ... ok
test_non_treatment_buckets_are_excluded_from_aggregate (test_ed_capacity.EDCapacityValidationTests.test_non_treatment_buckets_are_excluded_from_aggregate) ... ok
test_open_capacity_cannot_exceed_known_physical_capacity (test_ed_capacity.EDCapacityValidationTests.test_open_capacity_cannot_exceed_known_physical_capacity) ... ok
test_required_task_without_eligibility_scope_fails (test_ed_capacity.EDCapacityValidationTests.test_required_task_without_eligibility_scope_fails) ... ok
test_resource_and_eligibility_references_must_resolve (test_ed_capacity.EDCapacityValidationTests.test_resource_and_eligibility_references_must_resolve) ... ok
test_resource_capacity_ordering_is_enforced (test_ed_capacity.EDCapacityValidationTests.test_resource_capacity_ordering_is_enforced) ... ok
test_resource_location_zone_must_match (test_ed_capacity.EDCapacityValidationTests.test_resource_location_zone_must_match) ... ok
test_route_to_unknown_location_fails (test_ed_capacity.EDCapacityValidationTests.test_route_to_unknown_location_fails) ... ok
test_staffed_above_open_fails_when_physical_count_is_unknown (test_ed_capacity.EDCapacityValidationTests.test_staffed_above_open_fails_when_physical_count_is_unknown) ... ok
test_staffed_capacity_cannot_exceed_open_capacity (test_ed_capacity.EDCapacityValidationTests.test_staffed_capacity_cannot_exceed_open_capacity) ... ok
test_task_reference_to_unknown_resource_class_fails (test_ed_capacity.EDCapacityValidationTests.test_task_reference_to_unknown_resource_class_fails) ... ok
test_unknown_capacity_remains_unknown_and_is_not_zero (test_ed_capacity.EDCapacityValidationTests.test_unknown_capacity_remains_unknown_and_is_not_zero) ... ok
test_unknown_eligibility_task_and_out_of_zone_location_fail (test_ed_capacity.EDCapacityValidationTests.test_unknown_eligibility_task_and_out_of_zone_location_fail) ... ok
test_unknown_required_resource_capacity_fails_task_sufficiency (test_ed_capacity.EDCapacityValidationTests.test_unknown_required_resource_capacity_fails_task_sufficiency) ... ok
test_unknown_required_staff_capacity_fails_task_sufficiency (test_ed_capacity.EDCapacityValidationTests.test_unknown_required_staff_capacity_fails_task_sufficiency) ... ok
test_exact_decimal_scaling_and_trailing_zeroes (test_ed_clock_reference.FixedDurationTests.test_exact_decimal_scaling_and_trailing_zeroes) ... ok
test_rejects_non_integral_negative_nonfinite_and_overflow (test_ed_clock_reference.FixedDurationTests.test_rejects_non_integral_negative_nonfinite_and_overflow) ... ok
test_rejects_invalid_samples_and_records_versions (test_ed_clock_reference.SampledDurationTests.test_rejects_invalid_samples_and_records_versions) ... ok
test_rounds_up_from_exact_decimal_rational_and_binary_float (test_ed_clock_reference.SampledDurationTests.test_rounds_up_from_exact_decimal_rational_and_binary_float) ... ok
test_zero_and_exact_sample_keep_zero_error (test_ed_clock_reference.SampledDurationTests.test_zero_and_exact_sample_keep_zero_error) ... ok
test_explicit_utc_offset_and_fraction_convert_to_elapsed_ticks (test_ed_clock_reference.TimestampOriginTests.test_explicit_utc_offset_and_fraction_convert_to_elapsed_ticks) ... ok
test_offsets_and_trailing_fractional_zeroes_are_exact (test_ed_clock_reference.TimestampOriginTests.test_offsets_and_trailing_fractional_zeroes_are_exact) ... ok
test_rejects_pre_origin_bad_origin_naive_and_subnanosecond (test_ed_clock_reference.TimestampOriginTests.test_rejects_pre_origin_bad_origin_naive_and_subnanosecond) ... ok
test_all_five_artifacts_have_reproducible_hash_and_required_metadata (test_ed_profile_manifest.ProfileManifestTests.test_all_five_artifacts_have_reproducible_hash_and_required_metadata) ... ok
test_exact_byte_drift_is_rejected (test_ed_profile_manifest.ProfileManifestTests.test_exact_byte_drift_is_rejected) ... ok
test_incomplete_inventory_is_rejected (test_ed_profile_manifest.ProfileManifestTests.test_incomplete_inventory_is_rejected) ... ok
test_known_closed_bay_remains_physical_but_not_open (test_ed_profile_pack_capacity_cases.ProfileCapacityStatusCaseTests.test_known_closed_bay_remains_physical_but_not_open) ... ok
test_physical_open_and_staffed_counts_are_distinct (test_ed_profile_pack_capacity_cases.ProfileCapacityStatusCaseTests.test_physical_open_and_staffed_counts_are_distinct) ... ok
test_surge_calendar_changes_known_open_and_staffed_capacity (test_ed_profile_pack_capacity_cases.ProfileCapacityStatusCaseTests.test_surge_calendar_changes_known_open_and_staffed_capacity) ... ok
test_unknown_availability_is_null_reasoned_and_not_runnable (test_ed_profile_pack_capacity_cases.ProfileCapacityStatusCaseTests.test_unknown_availability_is_null_reasoned_and_not_runnable) ... ok
test_ambiguous_status_remains_unresolved (test_ed_profile_pack_negative_cases.ProfilePackNegativeCaseTests.test_ambiguous_status_remains_unresolved) ... ok
test_invalid_clock_unit_fails_structural_validation (test_ed_profile_pack_negative_cases.ProfilePackNegativeCaseTests.test_invalid_clock_unit_fails_structural_validation) ... ok
test_missing_required_field_fails_and_is_distinct_from_zero (test_ed_profile_pack_negative_cases.ProfilePackNegativeCaseTests.test_missing_required_field_fails_and_is_distinct_from_zero) ... ok
test_right_censored_follow_up_is_not_a_completed_event (test_ed_profile_pack_negative_cases.ProfilePackNegativeCaseTests.test_right_censored_follow_up_is_not_a_completed_event) ... ok
test_acuity_scale_and_case_mix_are_required (test_ed_profile_pack_schema.ProfilePackSchemaTests.test_acuity_scale_and_case_mix_are_required) ... ok
test_duplicate_json_keys_are_rejected (test_ed_profile_pack_schema.ProfilePackSchemaTests.test_duplicate_json_keys_are_rejected) ... ok
test_invalid_nested_capacity_location_is_rejected (test_ed_profile_pack_schema.ProfilePackSchemaTests.test_invalid_nested_capacity_location_is_rejected) ... ok
test_occupant_without_active_remaining_work_is_valid (test_ed_profile_pack_schema.ProfilePackSchemaTests.test_occupant_without_active_remaining_work_is_valid) ... ok
test_route_graph_requires_an_edge (test_ed_profile_pack_schema.ProfilePackSchemaTests.test_route_graph_requires_an_edge) ... ok
test_time_requires_decimal_seconds (test_ed_profile_pack_schema.ProfilePackSchemaTests.test_time_requires_decimal_seconds) ... ok
test_unknown_fields_are_rejected (test_ed_profile_pack_schema.ProfilePackSchemaTests.test_unknown_fields_are_rejected) ... ok
test_valid_pack_including_nested_capacity_location_schema (test_ed_profile_pack_schema.ProfilePackSchemaTests.test_valid_pack_including_nested_capacity_location_schema) ... ok
test_all_accepted_profiles_are_semantically_valid (test_ed_profile_pack_semantics.ProfileSemanticValidationTests.test_all_accepted_profiles_are_semantically_valid) ... ok
test_case_mix_matches_each_mode_and_declared_categories (test_ed_profile_pack_semantics.ProfileSemanticValidationTests.test_case_mix_matches_each_mode_and_declared_categories) ... ok
test_declared_resource_requires_calendar_coverage (test_ed_profile_pack_semantics.ProfileSemanticValidationTests.test_declared_resource_requires_calendar_coverage) ... ok
test_distribution_support_and_probability_mass (test_ed_profile_pack_semantics.ProfileSemanticValidationTests.test_distribution_support_and_probability_mass) ... ok
test_initial_state_references_and_resource_feasibility (test_ed_profile_pack_semantics.ProfileSemanticValidationTests.test_initial_state_references_and_resource_feasibility) ... ok
test_interval_order_and_coverage (test_ed_profile_pack_semantics.ProfileSemanticValidationTests.test_interval_order_and_coverage) ... ok
test_malformed_bucket_and_aggregate_capacity_counts_are_reported (test_ed_profile_pack_semantics.ProfileSemanticValidationTests.test_malformed_bucket_and_aggregate_capacity_counts_are_reported) ... ok
test_non_object_has_root_diagnostic (test_ed_profile_pack_semantics.ProfileSemanticValidationTests.test_non_object_has_root_diagnostic) ... ok
test_resource_capacity_and_calendar_feasibility (test_ed_profile_pack_semantics.ProfileSemanticValidationTests.test_resource_capacity_and_calendar_feasibility) ... ok
test_staffing_calendars_cover_horizon_and_declared_roles (test_ed_profile_pack_semantics.ProfileSemanticValidationTests.test_staffing_calendars_cover_horizon_and_declared_roles) ... ok
test_synthetic_provenance_is_explicit (test_ed_profile_pack_semantics.ProfileSemanticValidationTests.test_synthetic_provenance_is_explicit) ... ok
test_unhashable_capacity_identifiers_return_diagnostics (test_ed_profile_pack_semantics.ProfileSemanticValidationTests.test_unhashable_capacity_identifiers_return_diagnostics) ... ok
test_usage_matrix_covers_all_registered_ids_and_marks_proposals (test_ed_usage_matrix.EDUsageMatrixTests.test_usage_matrix_covers_all_registered_ids_and_marks_proposals) ... ok
test_checksum_and_size_mismatch_never_retry (test_install_ci_tools.InstallCiToolsTests.test_checksum_and_size_mismatch_never_retry) ... ok
test_nontransient_and_exhausted_transient_fail (test_install_ci_tools.InstallCiToolsTests.test_nontransient_and_exhausted_transient_fail) ... /opt/homebrew/Cellar/python@3.14/3.14.8/Frameworks/Python.framework/Versions/3.14/lib/python3.14/tempfile.py:484: ResourceWarning: Implicitly cleaning up <HTTPError 404: 'failed'>
  _warnings.warn(self.warn_message, ResourceWarning)
Rust 1.99.0 ready for aarch64-apple-darwin (rustc and cargo verified via rustup).
tool: transient HTTP 502; retry 1/4
tool: transient HTTP 502; retry 2/4
tool: transient HTTP 502; retry 3/4
tool: transient HTTP 502; retry 4/4
/opt/homebrew/Cellar/python@3.14/3.14.8/Frameworks/Python.framework/Versions/3.14/lib/python3.14/tempfile.py:484: ResourceWarning: Implicitly cleaning up <HTTPError 502: 'failed'>
  _warnings.warn(self.warn_message, ResourceWarning)
ok
test_timeout_retries_are_bounded (test_install_ci_tools.InstallCiToolsTests.test_timeout_retries_are_bounded) ... tool: transient transport failure; retry 1/4
tool: transient transport failure; retry 2/4
tool: transient transport failure; retry 3/4
tool: transient transport failure; retry 4/4
ok
test_transient_http_retries_then_checks_exact_bytes (test_install_ci_tools.InstallCiToolsTests.test_transient_http_retries_then_checks_exact_bytes) ... tool: transient HTTP 503; retry 1/4
ok
test_cargo_and_nextest_names_and_ignored_state_compare_as_multisets (test_install_nextest.NextestDiscoveryTests.test_cargo_and_nextest_names_and_ignored_state_compare_as_multisets) ... ok
test_discovery_name_ignored_count_and_metadata_defects_fail (test_install_nextest.NextestDiscoveryTests.test_discovery_name_ignored_count_and_metadata_defects_fail) ... ok
test_helper_rejects_unsupported_and_wrong_hosts (test_install_nextest.NextestDiscoveryTests.test_helper_rejects_unsupported_and_wrong_hosts) ... ok
test_only_exact_named_single_nextest_failure_proves_red_control (test_install_nextest.NextestDiscoveryTests.test_only_exact_named_single_nextest_failure_proves_red_control) ... ok
test_run_summary_records_pass_fail_and_ignored_skip_counts (test_install_nextest.NextestDiscoveryTests.test_run_summary_records_pass_fail_and_ignored_skip_counts) ... ok
test_checksum_is_checked_before_archive_selection (test_install_nextest.NextestInstallerTests.test_checksum_is_checked_before_archive_selection) ... ok
test_compressed_pax_metadata_bomb_is_bounded_after_decompression (test_install_nextest.NextestInstallerTests.test_compressed_pax_metadata_bomb_is_bounded_after_decompression) ... ok
test_existing_bin_symlink_is_rejected_before_writing (test_install_nextest.NextestInstallerTests.test_existing_bin_symlink_is_rejected_before_writing) ... ok
test_malformed_archive_is_rejected (test_install_nextest.NextestInstallerTests.test_malformed_archive_is_rejected) ... ok
test_missing_binary_and_duplicate_binary_are_rejected (test_install_nextest.NextestInstallerTests.test_missing_binary_and_duplicate_binary_are_rejected) ... ok
test_oversized_member_and_unpacked_stream_are_rejected (test_install_nextest.NextestInstallerTests.test_oversized_member_and_unpacked_stream_are_rejected) ... ok
test_supported_archives_are_exact_and_unknown_hosts_fail (test_install_nextest.NextestInstallerTests.test_supported_archives_are_exact_and_unknown_hosts_fail) ... ok
test_unsafe_paths_links_and_special_members_are_rejected (test_install_nextest.NextestInstallerTests.test_unsafe_paths_links_and_special_members_are_rejected) ... ok
test_unsupported_host_fails_before_download (test_install_nextest.NextestInstallerTests.test_unsupported_host_fails_before_download) ... ok
test_valid_archive_installs_one_verified_version_atomically (test_install_nextest.NextestInstallerTests.test_valid_archive_installs_one_verified_version_atomically) ... ok
test_wrong_runtime_version_leaves_no_installed_binary (test_install_nextest.NextestInstallerTests.test_wrong_runtime_version_leaves_no_installed_binary) ... ok
test_changed_engine_bytes_fail (test_kairos_pin.KairosPinTests.test_changed_engine_bytes_fail) ... ok
test_incompatible_gitlink_fails_despite_green_upstream_evidence (test_kairos_pin.KairosPinTests.test_incompatible_gitlink_fails_despite_green_upstream_evidence) ... ok
test_metadata_and_checkout_cannot_override_committed_gitlink (test_kairos_pin.KairosPinTests.test_metadata_and_checkout_cannot_override_committed_gitlink) ... ok
test_missing_owner_platform_evidence_fails (test_kairos_pin.KairosPinTests.test_missing_owner_platform_evidence_fails) ... ok
test_reviewed_exact_pin_passes (test_kairos_pin.KairosPinTests.test_reviewed_exact_pin_passes) ... ok
test_unhashed_tracked_source_cannot_drift (test_kairos_pin.KairosPinTests.test_unhashed_tracked_source_cannot_drift) ... ok
test_context_budget_rejected (test_mvp.BindingTests.test_context_budget_rejected) ... /opt/homebrew/Cellar/python@3.14/3.14.8/Frameworks/Python.framework/Versions/3.14/lib/python3.14/tempfile.py:484: ResourceWarning: Implicitly cleaning up <HTTPError 503: 'unavailable'>
  _warnings.warn(self.warn_message, ResourceWarning)
ok
test_context_traversal_rejected (test_mvp.BindingTests.test_context_traversal_rejected) ... ok
test_cross_repository_source_drift_rejected (test_mvp.BindingTests.test_cross_repository_source_drift_rejected) ... ok
test_prepares_exact_context_and_source_hashes (test_mvp.BindingTests.test_prepares_exact_context_and_source_hashes) ... ok
test_stale_review_rejected (test_mvp.BindingTests.test_stale_review_rejected) ... ok
test_unaccepted_internal_leaf_rejected (test_mvp.BindingTests.test_unaccepted_internal_leaf_rejected) ... ok
test_unaccepted_parent_rejected (test_mvp.BindingTests.test_unaccepted_parent_rejected) ... ok
test_changed_objective_rejected (test_mvp.CoverageTests.test_changed_objective_rejected) ... ok
test_complete_mvp_coverage (test_mvp.CoverageTests.test_complete_mvp_coverage) ... ok
test_missing_parent_rejected (test_mvp.CoverageTests.test_missing_parent_rejected) ... ok
test_overlarge_recipe_rejected (test_mvp.CoverageTests.test_overlarge_recipe_rejected) ... ok
test_skipped_join_rejected (test_mvp.CoverageTests.test_skipped_join_rejected) ... ok
test_worker_self_acceptance_rejected (test_mvp.CoverageTests.test_worker_self_acceptance_rejected) ... ok
test_blank_resolution_is_rejected (test_p02_disposition.P02DispositionTests.test_blank_resolution_is_rejected) ... ok
test_false_accepted_status_is_rejected (test_p02_disposition.P02DispositionTests.test_false_accepted_status_is_rejected) ... ok
test_missing_row_is_rejected (test_p02_disposition.P02DispositionTests.test_missing_row_is_rejected) ... ok
test_reviewer_drift_is_rejected (test_p02_disposition.P02DispositionTests.test_reviewer_drift_is_rejected) ... ok
test_status_swap_with_same_counts_is_rejected (test_p02_disposition.P02DispositionTests.test_status_swap_with_same_counts_is_rejected) ... ok
test_valid_full_registry_response (test_p02_disposition.P02DispositionTests.test_valid_full_registry_response) ... ok
test_wrong_status_counts_are_rejected (test_p02_disposition.P02DispositionTests.test_wrong_status_counts_are_rejected) ... ok
test_conditional_use_cannot_be_minimum_or_share_generic_gate (test_p02_matrix_drafts.StructuredMatrixDraftTests.test_conditional_use_cannot_be_minimum_or_share_generic_gate) ... ok
test_config_key_must_be_a_unique_stable_path (test_p02_matrix_drafts.StructuredMatrixDraftTests.test_config_key_must_be_a_unique_stable_path) ... ok
test_current_draft_has_full_ordered_coverage (test_p02_matrix_drafts.StructuredMatrixDraftTests.test_current_draft_has_full_ordered_coverage) ... ok
test_final_matrix_and_resolved_review_cannot_drift (test_p02_matrix_drafts.StructuredMatrixDraftTests.test_final_matrix_and_resolved_review_cannot_drift) ... ok
test_missing_row_or_swapped_id_fails (test_p02_matrix_drafts.StructuredMatrixDraftTests.test_missing_row_or_swapped_id_fails) ... ok
test_observation_window_is_metadata (test_p02_matrix_drafts.StructuredMatrixDraftTests.test_observation_window_is_metadata) ... ok
test_observed_boarding_cannot_be_relabelled_service_input (test_p02_matrix_drafts.StructuredMatrixDraftTests.test_observed_boarding_cannot_be_relabelled_service_input) ... ok
test_proposal_boilerplate_and_active_deferred_row_fail (test_p02_matrix_drafts.StructuredMatrixDraftTests.test_proposal_boilerplate_and_active_deferred_row_fail) ... ok
test_seed_and_location_cannot_be_deferred_past_mvp (test_p02_matrix_drafts.StructuredMatrixDraftTests.test_seed_and_location_cannot_be_deferred_past_mvp) ... ok
test_bound_inputs_and_each_role_cover_template_ids (test_p02_merge_panel.P02MergePanelTests.test_bound_inputs_and_each_role_cover_template_ids) ... ok
test_csv_output_is_template_shaped_and_does_not_resolve_coordinator_fields (test_p02_merge_panel.P02MergePanelTests.test_csv_output_is_template_shaped_and_does_not_resolve_coordinator_fields) ... ok
test_csv_readback_rejects_reordered_ids_and_incomplete_revisions (test_p02_merge_panel.P02MergePanelTests.test_csv_readback_rejects_reordered_ids_and_incomplete_revisions) ... ok
test_supplement_recommendations_win_and_replacement_is_preserved (test_p02_merge_panel.P02MergePanelTests.test_supplement_recommendations_win_and_replacement_is_preserved) ... ok
test_one_writer_and_no_premature_distribution (test_p03_packet_plans.P03PacketPlanTests.test_one_writer_and_no_premature_distribution) ... ok
test_unverified_source_and_unknown_or_deferred_id_are_not_promoted (test_p03_packet_plans.P03PacketPlanTests.test_unverified_source_and_unknown_or_deferred_id_are_not_promoted) ... ok
test_valid_preparation_only_packet (test_p03_packet_plans.P03PacketPlanTests.test_valid_preparation_only_packet) ... ok
test_ambiguous_event_censor_status_stays_unresolved (test_p31_censoring_fixtures.CensoringDependenceFixtureTests.test_ambiguous_event_censor_status_stays_unresolved) ... ok
test_fx001_counts_events_without_converting_censor_to_completion (test_p31_censoring_fixtures.CensoringDependenceFixtureTests.test_fx001_counts_events_without_converting_censor_to_completion) ... ok
test_fx003_day_cluster_variance_and_rowwise_leakage (test_p31_censoring_fixtures.CensoringDependenceFixtureTests.test_fx003_day_cluster_variance_and_rowwise_leakage) ... ok
test_fx014_future_completion_and_unavailable_features_do_not_enter_training (test_p31_censoring_fixtures.CensoringDependenceFixtureTests.test_fx014_future_completion_and_unavailable_features_do_not_enter_training) ... ok
test_group_policies_are_distinct_and_crossing_is_explicit (test_p31_censoring_fixtures.CensoringDependenceFixtureTests.test_group_policies_are_distinct_and_crossing_is_explicit) ... ok
test_half_open_window_includes_start_and_excludes_end (test_p31_censoring_fixtures.CensoringDependenceFixtureTests.test_half_open_window_includes_start_and_excludes_end) ... ok
test_provenance_is_synthetic_and_scope_excludes_fitting (test_p31_censoring_fixtures.CensoringDependenceFixtureTests.test_provenance_is_synthetic_and_scope_excludes_fitting) ... ok
test_source_lineage_is_explicit_and_fixture_extensions_are_labeled (test_p31_censoring_fixtures.CensoringDependenceFixtureTests.test_source_lineage_is_explicit_and_fixture_extensions_are_labeled) ... ok
test_time_fields_keep_occurrence_and_knowledge_distinct (test_p31_censoring_fixtures.CensoringDependenceFixtureTests.test_time_fields_keep_occurrence_and_knowledge_distinct) ... ok
test_fixture_provenance_and_scope_are_synthetic_only (test_p31_distribution_fixtures.KnownDistributionFixtureTests.test_fixture_provenance_and_scope_are_synthetic_only) ... ok
test_generator_contract_and_same_runtime_repeatability (test_p31_distribution_fixtures.KnownDistributionFixtureTests.test_generator_contract_and_same_runtime_repeatability) ... ok
test_positive_unbounded_support_and_no_tail_clipping (test_p31_distribution_fixtures.KnownDistributionFixtureTests.test_positive_unbounded_support_and_no_tail_clipping) ... ok
test_reference_recovery_oracle_and_prefrozen_limits (test_p31_distribution_fixtures.KnownDistributionFixtureTests.test_reference_recovery_oracle_and_prefrozen_limits) ... ok
test_sparse_states_are_fixture_only_not_a_real_fit_threshold (test_p31_distribution_fixtures.KnownDistributionFixtureTests.test_sparse_states_are_fixture_only_not_a_real_fit_threshold) ... ok
test_every_numeric_fixture_value_is_explicitly_synthetic (test_p31_identifiability_fixtures.IdentifiabilityFixtureTests.test_every_numeric_fixture_value_is_explicitly_synthetic) ... ok
test_independent_walk_observation_identifies_one_point_only_on_this_grid (test_p31_identifiability_fixtures.IdentifiabilityFixtureTests.test_independent_walk_observation_identifies_one_point_only_on_this_grid) ... ok
test_total_only_enumeration_retains_all_three_decompositions (test_p31_identifiability_fixtures.IdentifiabilityFixtureTests.test_total_only_enumeration_retains_all_three_decompositions) ... ok
test_coordinate_marginal_counts_match_but_joint_pair_counts_differ (test_p31_joint_marginal_fixture.JointMarginalFixtureTests.test_coordinate_marginal_counts_match_but_joint_pair_counts_differ) ... ok
test_fixture_is_synthetic_and_limited_to_hand_computable_oracle (test_p31_joint_marginal_fixture.JointMarginalFixtureTests.test_fixture_is_synthetic_and_limited_to_hand_computable_oracle) ... ok
test_candidate_calculation_receives_training_rows_only (test_p32_candidate_comparison.SyntheticCandidateComparisonTests.test_candidate_calculation_receives_training_rows_only) ... ok
test_canonical_duration_source_is_bound_to_accepted_receipts (test_p32_candidate_comparison.SyntheticCandidateComparisonTests.test_canonical_duration_source_is_bound_to_accepted_receipts) ... ok
test_same_units_same_rows_and_repeatable_diagnostics (test_p32_candidate_comparison.SyntheticCandidateComparisonTests.test_same_units_same_rows_and_repeatable_diagnostics) ... ok
test_split_is_frozen_disjoint_and_complete (test_p32_candidate_comparison.SyntheticCandidateComparisonTests.test_split_is_frozen_disjoint_and_complete) ... ok
test_synthetic_only_and_no_winner_or_holdout_claim (test_p32_candidate_comparison.SyntheticCandidateComparisonTests.test_synthetic_only_and_no_winner_or_holdout_claim) ... ok
test_changing_locked_test_values_cannot_change_selected_id (test_p32_holdout_validation.SyntheticHoldoutValidationTests.test_changing_locked_test_values_cannot_change_selected_id) ... ok
test_frozen_generator_and_split_integrity (test_p32_holdout_validation.SyntheticHoldoutValidationTests.test_frozen_generator_and_split_integrity) ... ok
test_selection_rule_uses_selection_rows_and_freezes_id (test_p32_holdout_validation.SyntheticHoldoutValidationTests.test_selection_rule_uses_selection_rows_and_freezes_id) ... ok
test_synthetic_scope_and_no_transfer_claim (test_p32_holdout_validation.SyntheticHoldoutValidationTests.test_synthetic_scope_and_no_transfer_claim) ... ok
test_test_scores_are_once_descriptive_and_bootstrap_repeats (test_p32_holdout_validation.SyntheticHoldoutValidationTests.test_test_scores_are_once_descriptive_and_bootstrap_repeats) ... ok
test_censoring_is_not_converted_to_completed_duration (test_p33_des_abm_join.P33DesAbmJoinTests.test_censoring_is_not_converted_to_completed_duration) ... ok
test_concurrent_staff_transit_is_linked_not_double_added_to_patient (test_p33_des_abm_join.P33DesAbmJoinTests.test_concurrent_staff_transit_is_linked_not_double_added_to_patient) ... ok
test_contract_is_synthetic_and_keeps_empirical_gaps_open (test_p33_des_abm_join.P33DesAbmJoinTests.test_contract_is_synthetic_and_keeps_empirical_gaps_open) ... ok
test_macro_equals_exclusive_micro_and_work_excludes_transit_wait (test_p33_des_abm_join.P33DesAbmJoinTests.test_macro_equals_exclusive_micro_and_work_excludes_transit_wait) ... ok
test_overlapping_gap_negative_and_unknown_components_reject (test_p33_des_abm_join.P33DesAbmJoinTests.test_overlapping_gap_negative_and_unknown_components_reject) ... ok
test_sampling_and_cohort_boundaries_are_retained (test_p33_des_abm_join.P33DesAbmJoinTests.test_sampling_and_cohort_boundaries_are_retained) ... ok
test_arrival_mode_precedes_and_conditions_downstream_choice (test_p33_sampling_contract.P33SamplingContractTests.test_arrival_mode_precedes_and_conditions_downstream_choice) ... ok
test_cohort_specific_denominators_reconcile_and_stay_distinct (test_p33_sampling_contract.P33SamplingContractTests.test_cohort_specific_denominators_reconcile_and_stay_distinct) ... ok
test_contract_keeps_p32_empirical_family_unknown (test_p33_sampling_contract.P33SamplingContractTests.test_contract_keeps_p32_empirical_family_unknown) ... ok
test_future_diagnosis_and_disposition_are_unavailable_early (test_p33_sampling_contract.P33SamplingContractTests.test_future_diagnosis_and_disposition_are_unavailable_early) ... ok
test_missing_record_is_not_clinical_priority_or_latent_state (test_p33_sampling_contract.P33SamplingContractTests.test_missing_record_is_not_clinical_priority_or_latent_state) ... ok
test_seed_names_are_logical_and_do_not_claim_kairos_stream_support (test_p33_sampling_contract.P33SamplingContractTests.test_seed_names_are_logical_and_do_not_claim_kairos_stream_support) ... ok
test_source_triage_discrepancy_is_not_resolved_by_fixture (test_p33_sampling_contract.P33SamplingContractTests.test_source_triage_discrepancy_is_not_resolved_by_fixture) ... ok
test_synthetic_conditional_categorical_draw_reproduces_fixed_variates (test_p33_sampling_contract.P33SamplingContractTests.test_synthetic_conditional_categorical_draw_reproduces_fixed_variates) ... ok
test_data_and_structural_uncertainty_are_separately_typed (test_p33_uncertainty_contract.P33UncertaintyContractTests.test_data_and_structural_uncertainty_are_separately_typed) ... ok
test_parameter_uncertainty_is_outer_replication_level (test_p33_uncertainty_contract.P33UncertaintyContractTests.test_parameter_uncertainty_is_outer_replication_level) ... ok
test_range_classes_have_distinct_meanings_and_provenance (test_p33_uncertainty_contract.P33UncertaintyContractTests.test_range_classes_have_distinct_meanings_and_provenance) ... ok
test_search_fixture_is_not_promoted_to_any_operating_range (test_p33_uncertainty_contract.P33UncertaintyContractTests.test_search_fixture_is_not_promoted_to_any_operating_range) ... ok
test_unknown_empirical_family_and_bounds_are_preserved (test_p33_uncertainty_contract.P33UncertaintyContractTests.test_unknown_empirical_family_and_bounds_are_preserved) ... ok
test_within_run_variability_changes_events_under_fixed_parameter (test_p33_uncertainty_contract.P33UncertaintyContractTests.test_within_run_variability_changes_events_under_fixed_parameter) ... ok
test_examples_cli_names_the_case_with_a_flipped_expectation (test_parameter_validation.ParameterValidationTests.test_examples_cli_names_the_case_with_a_flipped_expectation) ... ok
test_examples_cli_validates_the_frozen_five_case_matrix (test_parameter_validation.ParameterValidationTests.test_examples_cli_validates_the_frozen_five_case_matrix) ... ok
test_malformed_unit_type_fails (test_parameter_validation.ParameterValidationTests.test_malformed_unit_type_fails) ... ok
test_minimal_valid_registered_synthetic_record_passes (test_parameter_validation.ParameterValidationTests.test_minimal_valid_registered_synthetic_record_passes) ... ok
test_missing_provenance_fails (test_parameter_validation.ParameterValidationTests.test_missing_provenance_fails) ... ok
test_plausible_unregistered_id_fails (test_parameter_validation.ParameterValidationTests.test_plausible_unregistered_id_fails) ... ok
test_allows_additional_unrelated_root_fields (test_quality_flakes.QualityFlakesTests.test_allows_additional_unrelated_root_fields) ... ok
test_empty_inventory_is_valid_but_does_not_claim_no_flakiness (test_quality_flakes.QualityFlakesTests.test_empty_inventory_is_valid_but_does_not_claim_no_flakiness) ... ok
test_entry_is_expired_after_its_expiry_date (test_quality_flakes.QualityFlakesTests.test_entry_is_expired_after_its_expiry_date) ... ok
test_entry_is_valid_on_its_expiry_date (test_quality_flakes.QualityFlakesTests.test_entry_is_valid_on_its_expiry_date) ... ok
test_rejects_blank_owner (test_quality_flakes.QualityFlakesTests.test_rejects_blank_owner) ... ok
test_rejects_boolean_or_wrong_schema_version (test_quality_flakes.QualityFlakesTests.test_rejects_boolean_or_wrong_schema_version) ... ok
test_rejects_datetime_today_without_raising (test_quality_flakes.QualityFlakesTests.test_rejects_datetime_today_without_raising) ... ok
test_rejects_duplicate_test_ids (test_quality_flakes.QualityFlakesTests.test_rejects_duplicate_test_ids) ... ok
test_rejects_invalid_expiry_dates (test_quality_flakes.QualityFlakesTests.test_rejects_invalid_expiry_dates) ... ok
test_rejects_invalid_today (test_quality_flakes.QualityFlakesTests.test_rejects_invalid_today) ... ok
test_rejects_missing_and_extra_entry_fields (test_quality_flakes.QualityFlakesTests.test_rejects_missing_and_extra_entry_fields) ... ok
test_rejects_non_list_flakes_and_non_object_entries (test_quality_flakes.QualityFlakesTests.test_rejects_non_list_flakes_and_non_object_entries) ... ok
test_rejects_non_string_fields (test_quality_flakes.QualityFlakesTests.test_rejects_non_string_fields) ... ok
test_accepts_exact_file_suffix_and_returns_counts_and_percent (test_quality_metrics.CoverageMetricsTests.test_accepts_exact_file_suffix_and_returns_counts_and_percent) ... ok
test_accepts_exact_floor_and_rejects_below_floor (test_quality_metrics.CoverageMetricsTests.test_accepts_exact_floor_and_rejects_below_floor) ... ok
test_extreme_numeric_inputs_raise_validation_errors (test_quality_metrics.CoverageMetricsTests.test_extreme_numeric_inputs_raise_validation_errors) ... ok
test_rejects_duplicate_target_rows_even_with_path_separator_alias (test_quality_metrics.CoverageMetricsTests.test_rejects_duplicate_target_rows_even_with_path_separator_alias) ... ok
test_rejects_invalid_counts_and_coverage_above_total (test_quality_metrics.CoverageMetricsTests.test_rejects_invalid_counts_and_coverage_above_total) ... ok
test_rejects_low_counts_with_falsely_high_percent (test_quality_metrics.CoverageMetricsTests.test_rejects_low_counts_with_falsely_high_percent) ... ok
test_rejects_malformed_policy_and_nan_or_invalid_threshold (test_quality_metrics.CoverageMetricsTests.test_rejects_malformed_policy_and_nan_or_invalid_threshold) ... ok
test_rejects_nonfinite_and_inconsistent_percent (test_quality_metrics.CoverageMetricsTests.test_rejects_nonfinite_and_inconsistent_percent) ... ok
test_rejects_wrong_file_and_empty_data (test_quality_metrics.CoverageMetricsTests.test_rejects_wrong_file_and_empty_data) ... ok
test_reports_function_coverage_separately (test_quality_metrics.CoverageMetricsTests.test_reports_function_coverage_separately) ... ok
test_accepts_full_bound_baseline_and_exact_equivalence_boundaries (test_quality_mutations.MutationGateTests.test_accepts_full_bound_baseline_and_exact_equivalence_boundaries) ... ok
test_accepts_single_locked_argument_in_recorded_commands (test_quality_mutations.MutationGateTests.test_accepts_single_locked_argument_in_recorded_commands) ... ok
test_cli_validates_json_and_writes_report_or_stderr_failure (test_quality_mutations.MutationGateTests.test_cli_validates_json_and_writes_report_or_stderr_failure) ... ok
test_exact_runtime_resolved_cargo_path_must_be_supplied (test_quality_mutations.MutationGateTests.test_exact_runtime_resolved_cargo_path_must_be_supplied) ... ok
test_invalid_or_noncanonical_cargo_identity_is_rejected (test_quality_mutations.MutationGateTests.test_invalid_or_noncanonical_cargo_identity_is_rejected) ... ok
test_rejects_any_non_disposition_missed_mutant (test_quality_mutations.MutationGateTests.test_rejects_any_non_disposition_missed_mutant) ... ok
test_rejects_baseline_failure_or_duplicate_baseline (test_quality_mutations.MutationGateTests.test_rejects_baseline_failure_or_duplicate_baseline) ... ok
test_rejects_changed_source (test_quality_mutations.MutationGateTests.test_rejects_changed_source) ... ok
test_rejects_counter_bypass_timeout_and_boolean_counts (test_quality_mutations.MutationGateTests.test_rejects_counter_bypass_timeout_and_boolean_counts) ... ok
test_rejects_incoherent_mutant_phase_results (test_quality_mutations.MutationGateTests.test_rejects_incoherent_mutant_phase_results) ... ok
test_rejects_missing_or_duplicate_mutants (test_quality_mutations.MutationGateTests.test_rejects_missing_or_duplicate_mutants) ... ok
test_rejects_mutant_catalog_hash_and_outcome_catalog_substitution (test_quality_mutations.MutationGateTests.test_rejects_mutant_catalog_hash_and_outcome_catalog_substitution) ... ok
test_rejects_new_or_excess_unviable_mutants (test_quality_mutations.MutationGateTests.test_rejects_new_or_excess_unviable_mutants) ... ok
test_rejects_skipped_unfinished_and_unexpected_summaries (test_quality_mutations.MutationGateTests.test_rejects_skipped_unfinished_and_unexpected_summaries) ... ok
test_rejects_substituted_phase_commands (test_quality_mutations.MutationGateTests.test_rejects_substituted_phase_commands) ... ok
test_rejects_unrepresentable_phase_duration (test_quality_mutations.MutationGateTests.test_rejects_unrepresentable_phase_duration) ... ok
test_rejects_wrong_package_or_source_file (test_quality_mutations.MutationGateTests.test_rejects_wrong_package_or_source_file) ... ok
test_rejects_wrong_version_and_missing_baseline (test_quality_mutations.MutationGateTests.test_rejects_wrong_version_and_missing_baseline) ... ok
test_absolute_config_symlink_parent_is_rejected (test_quality_support.QualitySupportTests.test_absolute_config_symlink_parent_is_rejected) ... ok
test_absolute_symlink_config_path_is_rejected (test_quality_support.QualitySupportTests.test_absolute_symlink_config_path_is_rejected) ... ok
test_actual_toolchain_channel_must_be_canonical (test_quality_support.QualitySupportTests.test_actual_toolchain_channel_must_be_canonical) ... ok
test_cli_exposes_semver_limit_and_fails_release_mode (test_quality_support.QualitySupportTests.test_cli_exposes_semver_limit_and_fails_release_mode) ... ok
test_config_shape_rejects_unknown_keys (test_quality_support.QualitySupportTests.test_config_shape_rejects_unknown_keys) ... ok
test_coverage_and_mutation_targets_cannot_be_rebound (test_quality_support.QualitySupportTests.test_coverage_and_mutation_targets_cannot_be_rebound) ... ok
test_escaped_fixture_path_is_rejected (test_quality_support.QualitySupportTests.test_escaped_fixture_path_is_rejected) ... ok
test_extreme_coverage_floor_is_rejected_without_exception (test_quality_support.QualitySupportTests.test_extreme_coverage_floor_is_rejected_without_exception) ... ok
test_fixture_path_and_hash_cannot_co_drift_with_candidate_config (test_quality_support.QualitySupportTests.test_fixture_path_and_hash_cannot_co_drift_with_candidate_config) ... ok
test_flakes_must_be_a_list (test_quality_support.QualitySupportTests.test_flakes_must_be_a_list) ... ok
test_matching_config_and_manifest_cannot_add_unapproved_feature (test_quality_support.QualitySupportTests.test_matching_config_and_manifest_cannot_add_unapproved_feature) ... ok
test_matching_contract_passes_development_without_semver_claim (test_quality_support.QualitySupportTests.test_matching_contract_passes_development_without_semver_claim) ... ok
test_nonempty_flake_entries_are_left_to_the_flake_validator (test_quality_support.QualitySupportTests.test_nonempty_flake_entries_are_left_to_the_flake_validator) ... ok
test_nul_in_schema_fixture_path_returns_validation_error (test_quality_support.QualitySupportTests.test_nul_in_schema_fixture_path_returns_validation_error) ... ok
test_release_fails_clearly_without_owner_approved_baseline (test_quality_support.QualitySupportTests.test_release_fails_clearly_without_owner_approved_baseline) ... ok
test_schema_fixture_content_drift_is_rejected (test_quality_support.QualitySupportTests.test_schema_fixture_content_drift_is_rejected) ... ok
test_symlink_fixture_path_is_rejected (test_quality_support.QualitySupportTests.test_symlink_fixture_path_is_rejected) ... ok
test_unpatched_schema_fixture_constants_match_reviewed_contract (test_quality_support.QualitySupportTests.test_unpatched_schema_fixture_constants_match_reviewed_contract) ... ok
test_unreviewed_feature_declaration_is_rejected (test_quality_support.QualitySupportTests.test_unreviewed_feature_declaration_is_rejected) ... ok
test_workspace_msrv_and_inherited_package_msrv_must_match (test_quality_support.QualitySupportTests.test_workspace_msrv_and_inherited_package_msrv_must_match) ... ok
test_altered_command_fields_rejected (test_receipt_drift.DriftVerifierTests.test_altered_command_fields_rejected) ... ok
test_changed_prerequisite_artifact_rejected (test_receipt_drift.DriftVerifierTests.test_changed_prerequisite_artifact_rejected) ... ok
test_cli_loads_packet_before_bound_receipt (test_receipt_drift.DriftVerifierTests.test_cli_loads_packet_before_bound_receipt) ... ok
test_deletions_rejected (test_receipt_drift.DriftVerifierTests.test_deletions_rejected) ... ok
test_dispatch_rejects_stale_base_input_and_source_hashes (test_receipt_drift.DriftVerifierTests.test_dispatch_rejects_stale_base_input_and_source_hashes) ... ok
test_empty_incomplete_or_mismatched_instance_sets_rejected (test_receipt_drift.DriftVerifierTests.test_empty_incomplete_or_mismatched_instance_sets_rejected) ... ok
test_extraneous_changed_and_output_paths_rejected (test_receipt_drift.DriftVerifierTests.test_extraneous_changed_and_output_paths_rejected) ... ok
test_live_head_drift_rejected (test_receipt_drift.DriftVerifierTests.test_live_head_drift_rejected) ... ok
test_malformed_packet_path_types_fail_closed_without_exception (test_receipt_drift.DriftVerifierTests.test_malformed_packet_path_types_fail_closed_without_exception) ... ok
test_malformed_receipt_shapes_fail_closed_without_exception (test_receipt_drift.DriftVerifierTests.test_malformed_receipt_shapes_fail_closed_without_exception) ... ok
test_missing_required_output_rejected (test_receipt_drift.DriftVerifierTests.test_missing_required_output_rejected) ... ok
test_output_hash_mismatch_rejected (test_receipt_drift.DriftVerifierTests.test_output_hash_mismatch_rejected) ... ok
test_output_symlink_alias_to_control_sidecar_rejected (test_receipt_drift.DriftVerifierTests.test_output_symlink_alias_to_control_sidecar_rejected) ... ok
test_packet_input_drift_rejected (test_receipt_drift.DriftVerifierTests.test_packet_input_drift_rejected) ... ok
test_protected_alias_rejected (test_receipt_drift.DriftVerifierTests.test_protected_alias_rejected) ... ok
test_receipt_identity_and_input_map_mismatch_rejected (test_receipt_drift.DriftVerifierTests.test_receipt_identity_and_input_map_mismatch_rejected) ... ok
test_receipt_path_mismatch_rejected (test_receipt_drift.DriftVerifierTests.test_receipt_path_mismatch_rejected) ... ok
test_renames_and_copies_rejected (test_receipt_drift.DriftVerifierTests.test_renames_and_copies_rejected) ... ok
test_sidecar_exclusions_are_exact (test_receipt_drift.DriftVerifierTests.test_sidecar_exclusions_are_exact) ... ok
test_source_drift_rejected (test_receipt_drift.DriftVerifierTests.test_source_drift_rejected) ... ok
test_staged_unstaged_and_untracked_changes_are_counted (test_receipt_drift.DriftVerifierTests.test_staged_unstaged_and_untracked_changes_are_counted) ... ok
test_symlink_escape_rejected (test_receipt_drift.DriftVerifierTests.test_symlink_escape_rejected) ... ok
test_unsafe_output_path_rejected (test_receipt_drift.DriftVerifierTests.test_unsafe_output_path_rejected) ... ok
test_valid_precommit_acceptance (test_receipt_drift.DriftVerifierTests.test_valid_precommit_acceptance) ... ok
test_all_accepted_routes_to_review_instead_of_empty_retry (test_recovery.RecoveryTests.test_all_accepted_routes_to_review_instead_of_empty_retry) ... ok
test_artifact_path_reservation_and_alias_checks (test_recovery.RecoveryTests.test_artifact_path_reservation_and_alias_checks) ... ok
test_artifact_symlink_escape_rejected (test_recovery.RecoveryTests.test_artifact_symlink_escape_rejected) ... ok
test_attestations_must_bind_correct_ids_and_safe_fields (test_recovery.RecoveryTests.test_attestations_must_bind_correct_ids_and_safe_fields) ... ok
test_changed_or_missing_accepted_artifact_blocks (test_recovery.RecoveryTests.test_changed_or_missing_accepted_artifact_blocks) ... ok
test_cli_is_read_only_and_outputs_sanitized_decision (test_recovery.RecoveryTests.test_cli_is_read_only_and_outputs_sanitized_decision) ... ok
test_duplicate_order_unknown_step_and_state_rejected (test_recovery.RecoveryTests.test_duplicate_order_unknown_step_and_state_rejected) ... ok
test_failed_states_require_bound_stop_and_issue_assertions (test_recovery.RecoveryTests.test_failed_states_require_bound_stop_and_issue_assertions) ... ok
test_input_and_source_symlink_escapes_require_rebind (test_recovery.RecoveryTests.test_input_and_source_symlink_escapes_require_rebind) ... ok
test_integrated_is_terminal (test_recovery.RecoveryTests.test_integrated_is_terminal) ... ok
test_killed_worker_resumes_exact_next_step_and_keeps_accepted_artifact (test_recovery.RecoveryTests.test_killed_worker_resumes_exact_next_step_and_keeps_accepted_artifact) ... ok
test_ledger_base_and_checkpoint_schema_must_match (test_recovery.RecoveryTests.test_ledger_base_and_checkpoint_schema_must_match) ... ok
test_mismatched_checkpoint_and_ledger_ids_rejected (test_recovery.RecoveryTests.test_mismatched_checkpoint_and_ledger_ids_rejected) ... ok
test_new_attempt_id_must_be_fresh_and_valid (test_recovery.RecoveryTests.test_new_attempt_id_must_be_fresh_and_valid) ... ok
test_packet_hash_mismatch_requires_rebind_without_retry (test_recovery.RecoveryTests.test_packet_hash_mismatch_requires_rebind_without_retry) ... ok
test_packet_readiness_base_drift_requires_rebind (test_recovery.RecoveryTests.test_packet_readiness_base_drift_requires_rebind) ... ok
test_prepared_dispatches_same_attempt_only_when_checkpoint_fresh (test_recovery.RecoveryTests.test_prepared_dispatches_same_attempt_only_when_checkpoint_fresh) ... ok
test_ready_for_review_routes_to_acceptance (test_recovery.RecoveryTests.test_ready_for_review_routes_to_acceptance) ... ok
test_running_without_stop_attestation_is_suspected_stale (test_recovery.RecoveryTests.test_running_without_stop_attestation_is_suspected_stale) ... ok
test_stale_base_input_and_source_require_rebind (test_recovery.RecoveryTests.test_stale_base_input_and_source_require_rebind) ... ok
test_started_unknown_is_manual_blocker (test_recovery.RecoveryTests.test_started_unknown_is_manual_blocker) ... ok
test_terminal_and_acceptance_states_precede_unknown_checkpoint (test_recovery.RecoveryTests.test_terminal_and_acceptance_states_precede_unknown_checkpoint) ... ok
test_all_excluded_has_null_accuracy_and_pair_denominators (test_skill_eval.SkillEvalTests.test_all_excluded_has_null_accuracy_and_pair_denominators) ... ok
test_cli_emits_json_and_actionable_nonzero_error (test_skill_eval.SkillEvalTests.test_cli_emits_json_and_actionable_nonzero_error) ... ok
test_invalid_pairs_and_fields_fail_closed (test_skill_eval.SkillEvalTests.test_invalid_pairs_and_fields_fail_closed) ... ok
test_metrics_are_separated_by_candidate_skill (test_skill_eval.SkillEvalTests.test_metrics_are_separated_by_candidate_skill) ... ok
test_metrics_pair_repeat_exclusion_dispatch_and_missing_observations (test_skill_eval.SkillEvalTests.test_metrics_pair_repeat_exclusion_dispatch_and_missing_observations) ... ok
test_zero_bad_and_zero_acceptance_denominators_are_null (test_skill_eval.SkillEvalTests.test_zero_bad_and_zero_acceptance_denominators_are_null) ... ok
test_all_three_acceptance_states_required (test_source_acceptance.SourceAcceptanceTests.test_all_three_acceptance_states_required) ... ok
test_equal_digests_and_all_states_pass_structural_gate (test_source_acceptance.SourceAcceptanceTests.test_equal_digests_and_all_states_pass_structural_gate) ... ok
test_mismatched_digest_rejected_even_when_match_flag_true (test_source_acceptance.SourceAcceptanceTests.test_mismatched_digest_rejected_even_when_match_flag_true) ... ok
test_extra_parameter_is_not_silently_adopted (test_source_packet_record.SourcePacketRecordTests.test_extra_parameter_is_not_silently_adopted) ... ok
test_matching_gap_passes_without_empirical_promotion (test_source_packet_record.SourcePacketRecordTests.test_matching_gap_passes_without_empirical_promotion) ... ok
test_record_in_another_reserved_output_is_rejected (test_source_packet_record.SourcePacketRecordTests.test_record_in_another_reserved_output_is_rejected) ... ok
test_schema_failure_prevents_mapping_pass (test_source_packet_record.SourcePacketRecordTests.test_schema_failure_prevents_mapping_pass) ... ok
test_valid_catalogue_id_for_wrong_family_is_rejected (test_source_packet_record.SourcePacketRecordTests.test_valid_catalogue_id_for_wrong_family_is_rejected) ... ok
test_missing_provenance_mixed_evidence_and_invalid_units_fail (test_source_verification_schema.SourceVerificationSchemaTests.test_missing_provenance_mixed_evidence_and_invalid_units_fail) ... ok
test_nonpass_readback_remains_structured_and_is_not_acceptance (test_source_verification_schema.SourceVerificationSchemaTests.test_nonpass_readback_remains_structured_and_is_not_acceptance) ... ok
test_pass_readback_is_bound_to_hash_locator_and_transform_evidence (test_source_verification_schema.SourceVerificationSchemaTests.test_pass_readback_is_bound_to_hash_locator_and_transform_evidence) ... ok
test_report_hash_and_lineage_are_not_primary_source_fields (test_source_verification_schema.SourceVerificationSchemaTests.test_report_hash_and_lineage_are_not_primary_source_fields) ... ok
test_valid_primary_assumption_and_gap_examples_pass (test_source_verification_schema.SourceVerificationSchemaTests.test_valid_primary_assumption_and_gap_examples_pass) ... ok
test_bound_packet_valid (test_tasks.PacketTests.test_bound_packet_valid) ... ok
test_failing_final_acceptance_rejected (test_tasks.PacketTests.test_failing_final_acceptance_rejected) ... ok
test_input_drift_rejected (test_tasks.PacketTests.test_input_drift_rejected) ... ok
test_missing_oracle_rejected (test_tasks.PacketTests.test_missing_oracle_rejected) ... ok
test_oversize_packet_rejected (test_tasks.PacketTests.test_oversize_packet_rejected) ... ok
test_protected_write_rejected (test_tasks.PacketTests.test_protected_write_rejected) ... ok
test_stale_base_rejected (test_tasks.PacketTests.test_stale_base_rejected) ... ok
test_template_rejected (test_tasks.PacketTests.test_template_rejected) ... ok
test_traversal_rejected (test_tasks.PacketTests.test_traversal_rejected) ... ok
test_active_reservation_ancestor_blocks_overlapping_task_only (test_tasks.SchedulingTests.test_active_reservation_ancestor_blocks_overlapping_task_only) ... ok
test_active_reservation_descendant_blocks_overlapping_task_only (test_tasks.SchedulingTests.test_active_reservation_descendant_blocks_overlapping_task_only) ... ok
test_active_reservations_block_selection (test_tasks.SchedulingTests.test_active_reservations_block_selection) ... ok
test_conflicting_ancestors_are_serialized (test_tasks.SchedulingTests.test_conflicting_ancestors_are_serialized) ... ok
test_cycle_rejected (test_tasks.SchedulingTests.test_cycle_rejected) ... ok
test_development_readiness_tasks_can_write_owned_evidence_not_kairos_source (test_tasks.SchedulingTests.test_development_readiness_tasks_can_write_owned_evidence_not_kairos_source) ... ok
test_false_acceptance_rejected (test_tasks.SchedulingTests.test_false_acceptance_rejected) ... ok
test_mvp_and_v1_exclude_optional_feature_dependencies (test_tasks.SchedulingTests.test_mvp_and_v1_exclude_optional_feature_dependencies) ... ok
test_nonpositive_worker_count_rejected (test_tasks.SchedulingTests.test_nonpositive_worker_count_rejected) ... ok
test_parameter_research_parallel_join_and_delivery_barriers (test_tasks.SchedulingTests.test_parameter_research_parallel_join_and_delivery_barriers) ... ok
test_post_v1_work_waits_for_native_release_gate (test_tasks.SchedulingTests.test_post_v1_work_waits_for_native_release_gate) ... ok
test_queue_implementation_waits_for_readiness_and_ci_milestones (test_tasks.SchedulingTests.test_queue_implementation_waits_for_readiness_and_ci_milestones) ... ok
test_real_catalog_modes_cover_all_tasks_without_conflict (test_tasks.SchedulingTests.test_real_catalog_modes_cover_all_tasks_without_conflict) ... ok
test_serial_parallel_have_same_tasks_and_barriers (test_tasks.SchedulingTests.test_serial_parallel_have_same_tasks_and_barriers) ... ok
test_similar_prefixes_are_not_conflicts (test_tasks.SchedulingTests.test_similar_prefixes_are_not_conflicts) ... ok
test_unaccepted_prerequisites_block (test_tasks.SchedulingTests.test_unaccepted_prerequisites_block) ... ok
test_unknown_dependency_rejected (test_tasks.SchedulingTests.test_unknown_dependency_rejected) ... ok

======================================================================
FAIL: test_timeout_escalates_while_child_continuously_writes_stderr (test_ed_benchmarks.BoundedProcessTests.test_timeout_escalates_while_child_continuously_writes_stderr)
----------------------------------------------------------------------
Traceback (most recent call last):
  File "/private/tmp/careops-d34-20261005/tests/test_ed_benchmarks.py", line 119, in test_timeout_escalates_while_child_continuously_writes_stderr
    self.assertEqual(len(result["stderr"]), bench.MAX_STDERR)
    ~~~~~~~~~~~~~~~~^^^^^^^^^^^^^^^^^^^^^^^^^^^^^^^^^^^^^^^^^
AssertionError: 0 != 65536

----------------------------------------------------------------------
Ran 491 tests in 57.660s

FAILED (failures=1)
{"baseline": "Success", "cargo_mutants_version": "27.1.0", "catalog_sha256": "b0462379cc6000736ddac35540cfc1aa709bf58ff6d0743dacd81d9005c92e3b", "caught": 110, "equivalent_misses": [{"column": 60, "line": 735, "name": "crates/careops-ed/src/lib.rs:735:60: replace || with && in run_scenario"}, {"column": 43, "line": 798, "name": "crates/careops-ed/src/lib.rs:798:43: replace || with && in run_scenario"}], "missed": 2, "source": "crates/careops-ed/src/lib.rs", "source_sha256": "4f7917f3976d84b86a1b2b6837065c803d75b29d6b4f594abbbb7ceaedc57380", "timeout": 0, "total_mutants": 115, "unviable": 3}
